Component: ARM Compiler 6.12 Tool: armlink [5d624300]

==============================================================================

Section Cross References

    main.o(.text.main) refers to at32f403a_407_wk_config.o(.text.wk_system_clock_config) for wk_system_clock_config
    main.o(.text.main) refers to at32f403a_407_wk_config.o(.text.wk_periph_clock_config) for wk_periph_clock_config
    main.o(.text.main) refers to wk_debug.o(.text.wk_debug_config) for wk_debug_config
    main.o(.text.main) refers to at32f403a_407_wk_config.o(.text.wk_nvic_config) for wk_nvic_config
    main.o(.text.main) refers to wk_system.o(.text.wk_timebase_init) for wk_timebase_init
    main.o(.text.main) refers to wk_gpio.o(.text.wk_gpio_config) for wk_gpio_config
    main.o(.text.main) refers to wk_usart.o(.text.wk_usart1_init) for wk_usart1_init
    main.o(.text.main) refers to wk_tmr.o(.text.wk_tmr6_init) for wk_tmr6_init
    main.o(.text.main) refers to mb_rtu.o(.text.mb_init) for mb_init
    main.o(.text.main) refers to drv_led.o(.text.drv_led_set) for drv_led_set
    main.o(.text.main) refers to drv_uart.o(.text.drv_get_serial_fifo_1) for drv_get_serial_fifo_1
    main.o(.text.main) refers to tch_uart.o(.text.tch_get_serial) for tch_get_serial
    main.o(.text.main) refers to mb_rtu.o(.text.mb_polling) for mb_polling
    main.o(.text.main) refers to drv_led.o(.text.drv_led_blink) for drv_led_blink
    main.o(.text.main) refers to wk_system.o(.text.wk_delay_ms) for wk_delay_ms
    main.o(.text.main) refers to drv_uart.o(.text.drv_serial_rx_clear) for drv_serial_rx_clear
    main.o(.text.main) refers to main.o(.bss.main.led_counter) for [Anonymous Symbol]
    main.o(.ARM.exidx.text.main) refers to main.o(.text.main) for [Anonymous Symbol]
    at32f403a_407_wk_config.o(.text.wk_system_clock_config) refers to at32f403a_407_crm.o(.text.crm_reset) for crm_reset
    at32f403a_407_wk_config.o(.text.wk_system_clock_config) refers to at32f403a_407_crm.o(.text.crm_clock_source_enable) for crm_clock_source_enable
    at32f403a_407_wk_config.o(.text.wk_system_clock_config) refers to at32f403a_407_crm.o(.text.crm_flag_get) for crm_flag_get
    at32f403a_407_wk_config.o(.text.wk_system_clock_config) refers to at32f403a_407_crm.o(.text.crm_hext_stable_wait) for crm_hext_stable_wait
    at32f403a_407_wk_config.o(.text.wk_system_clock_config) refers to at32f403a_407_crm.o(.text.crm_pll_config) for crm_pll_config
    at32f403a_407_wk_config.o(.text.wk_system_clock_config) refers to at32f403a_407_crm.o(.text.crm_ahb_div_set) for crm_ahb_div_set
    at32f403a_407_wk_config.o(.text.wk_system_clock_config) refers to at32f403a_407_crm.o(.text.crm_apb2_div_set) for crm_apb2_div_set
    at32f403a_407_wk_config.o(.text.wk_system_clock_config) refers to at32f403a_407_crm.o(.text.crm_apb1_div_set) for crm_apb1_div_set
    at32f403a_407_wk_config.o(.text.wk_system_clock_config) refers to at32f403a_407_crm.o(.text.crm_auto_step_mode_enable) for crm_auto_step_mode_enable
    at32f403a_407_wk_config.o(.text.wk_system_clock_config) refers to at32f403a_407_crm.o(.text.crm_sysclk_switch) for crm_sysclk_switch
    at32f403a_407_wk_config.o(.text.wk_system_clock_config) refers to at32f403a_407_crm.o(.text.crm_sysclk_switch_status_get) for crm_sysclk_switch_status_get
    at32f403a_407_wk_config.o(.text.wk_system_clock_config) refers to system_at32f403a_407.o(.text.system_core_clock_update) for system_core_clock_update
    at32f403a_407_wk_config.o(.ARM.exidx.text.wk_system_clock_config) refers to at32f403a_407_wk_config.o(.text.wk_system_clock_config) for [Anonymous Symbol]
    at32f403a_407_wk_config.o(.text.wk_periph_clock_config) refers to at32f403a_407_crm.o(.text.crm_periph_clock_enable) for crm_periph_clock_enable
    at32f403a_407_wk_config.o(.ARM.exidx.text.wk_periph_clock_config) refers to at32f403a_407_wk_config.o(.text.wk_periph_clock_config) for [Anonymous Symbol]
    at32f403a_407_wk_config.o(.text.wk_nvic_config) refers to at32f403a_407_misc.o(.text.nvic_priority_group_config) for nvic_priority_group_config
    at32f403a_407_wk_config.o(.text.wk_nvic_config) refers to at32f403a_407_misc.o(.text.nvic_irq_enable) for nvic_irq_enable
    at32f403a_407_wk_config.o(.text.wk_nvic_config) refers to at32f403a_407_wk_config.o(.text.NVIC_EncodePriority) for NVIC_EncodePriority
    at32f403a_407_wk_config.o(.ARM.exidx.text.wk_nvic_config) refers to at32f403a_407_wk_config.o(.text.wk_nvic_config) for [Anonymous Symbol]
    at32f403a_407_wk_config.o(.ARM.exidx.text.NVIC_EncodePriority) refers to at32f403a_407_wk_config.o(.text.NVIC_EncodePriority) for [Anonymous Symbol]
    at32f403a_407_int.o(.ARM.exidx.text.NMI_Handler) refers to at32f403a_407_int.o(.text.NMI_Handler) for [Anonymous Symbol]
    at32f403a_407_int.o(.ARM.exidx.text.HardFault_Handler) refers to at32f403a_407_int.o(.text.HardFault_Handler) for [Anonymous Symbol]
[...]
    Removing at32f403a_407_crc.o(.text.crc_common_data_get), (12 bytes).
    Removing at32f403a_407_crc.o(.ARM.exidx.text.crc_common_data_get), (8 bytes).
    Removing at32f403a_407_crc.o(.text.crc_init_data_set), (12 bytes).
    Removing at32f403a_407_crc.o(.ARM.exidx.text.crc_init_data_set), (8 bytes).
    Removing at32f403a_407_crc.o(.text.crc_reverse_input_data_set), (24 bytes).
    Removing at32f403a_407_crc.o(.ARM.exidx.text.crc_reverse_input_data_set), (8 bytes).
    Removing at32f403a_407_crc.o(.text.crc_reverse_output_data_set), (24 bytes).
    Removing at32f403a_407_crc.o(.ARM.exidx.text.crc_reverse_output_data_set), (8 bytes).
    Removing at32f403a_407_crc.o(.text.crc_poly_value_set), (12 bytes).
    Removing at32f403a_407_crc.o(.ARM.exidx.text.crc_poly_value_set), (8 bytes).
    Removing at32f403a_407_crc.o(.text.crc_poly_value_get), (12 bytes).
    Removing at32f403a_407_crc.o(.ARM.exidx.text.crc_poly_value_get), (8 bytes).
    Removing at32f403a_407_crc.o(.text.crc_poly_size_set), (24 bytes).
    Removing at32f403a_407_crc.o(.ARM.exidx.text.crc_poly_size_set), (8 bytes).
    Removing at32f403a_407_crc.o(.text.crc_poly_size_get), (16 bytes).
    Removing at32f403a_407_crc.o(.ARM.exidx.text.crc_poly_size_get), (8 bytes).
    Removing at32f403a_407_wwdt.o(.text), (0 bytes).
    Removing at32f403a_407_wwdt.o(.text.wwdt_reset), (28 bytes).
    Removing at32f403a_407_wwdt.o(.ARM.exidx.text.wwdt_reset), (8 bytes).
    Removing at32f403a_407_wwdt.o(.text.wwdt_divider_set), (24 bytes).
    Removing at32f403a_407_wwdt.o(.ARM.exidx.text.wwdt_divider_set), (8 bytes).
    Removing at32f403a_407_wwdt.o(.text.wwdt_flag_clear), (12 bytes).
    Removing at32f403a_407_wwdt.o(.ARM.exidx.text.wwdt_flag_clear), (8 bytes).
    Removing at32f403a_407_wwdt.o(.text.wwdt_enable), (16 bytes).
    Removing at32f403a_407_wwdt.o(.ARM.exidx.text.wwdt_enable), (8 bytes).
    Removing at32f403a_407_wwdt.o(.text.wwdt_interrupt_enable), (16 bytes).
    Removing at32f403a_407_wwdt.o(.ARM.exidx.text.wwdt_interrupt_enable), (8 bytes).
    Removing at32f403a_407_wwdt.o(.text.wwdt_flag_get), (16 bytes).
    Removing at32f403a_407_wwdt.o(.ARM.exidx.text.wwdt_flag_get), (8 bytes).
    Removing at32f403a_407_wwdt.o(.text.wwdt_interrupt_flag_get), (24 bytes).
    Removing at32f403a_407_wwdt.o(.ARM.exidx.text.wwdt_interrupt_flag_get), (8 bytes).
    Removing at32f403a_407_wwdt.o(.text.wwdt_counter_set), (16 bytes).
    Removing at32f403a_407_wwdt.o(.ARM.exidx.text.wwdt_counter_set), (8 bytes).
    Removing at32f403a_407_wwdt.o(.text.wwdt_window_counter_set), (16 bytes).
    Removing at32f403a_407_wwdt.o(.ARM.exidx.text.wwdt_window_counter_set), (8 bytes).
    Removing at32f403a_407_wdt.o(.text), (0 bytes).
    Removing at32f403a_407_wdt.o(.text.wdt_enable), (16 bytes).
    Removing at32f403a_407_wdt.o(.ARM.exidx.text.wdt_enable), (8 bytes).
    Removing at32f403a_407_wdt.o(.text.wdt_counter_reload), (16 bytes).
    Removing at32f403a_407_wdt.o(.ARM.exidx.text.wdt_counter_reload), (8 bytes).
    Removing at32f403a_407_wdt.o(.text.wdt_reload_value_set), (12 bytes).
    Removing at32f403a_407_wdt.o(.ARM.exidx.text.wdt_reload_value_set), (8 bytes).
    Removing at32f403a_407_wdt.o(.text.wdt_divider_set), (16 bytes).
    Removing at32f403a_407_wdt.o(.ARM.exidx.text.wdt_divider_set), (8 bytes).
    Removing at32f403a_407_wdt.o(.text.wdt_register_write_enable), (20 bytes).
    Removing at32f403a_407_wdt.o(.ARM.exidx.text.wdt_register_write_enable), (8 bytes).
    Removing at32f403a_407_wdt.o(.text.wdt_flag_get), (16 bytes).
    Removing at32f403a_407_wdt.o(.ARM.exidx.text.wdt_flag_get), (8 bytes).
    Removing at32f403a_407_exint.o(.text), (0 bytes).
    Removing at32f403a_407_exint.o(.text.exint_reset), (28 bytes).
    Removing at32f403a_407_exint.o(.ARM.exidx.text.exint_reset), (8 bytes).
    Removing at32f403a_407_exint.o(.text.exint_default_para_init), (12 bytes).
    Removing at32f403a_407_exint.o(.ARM.exidx.text.exint_default_para_init), (8 bytes).
    Removing at32f403a_407_exint.o(.text.exint_init), (92 bytes).
    Removing at32f403a_407_exint.o(.ARM.exidx.text.exint_init), (8 bytes).
    Removing at32f403a_407_exint.o(.text.exint_flag_clear), (20 bytes).
    Removing at32f403a_407_exint.o(.ARM.exidx.text.exint_flag_clear), (8 bytes).
    Removing at32f403a_407_exint.o(.text.exint_flag_get), (16 bytes).
    Removing at32f403a_407_exint.o(.ARM.exidx.text.exint_flag_get), (8 bytes).
    Removing at32f403a_407_exint.o(.text.exint_interrupt_flag_get), (20 bytes).
    Removing at32f403a_407_exint.o(.ARM.exidx.text.exint_interrupt_flag_get), (8 bytes).
    Removing at32f403a_407_exint.o(.text.exint_software_interrupt_event_generate), (16 bytes).
    Removing at32f403a_407_exint.o(.ARM.exidx.text.exint_software_interrupt_event_generate), (8 bytes).
    Removing at32f403a_407_exint.o(.text.exint_interrupt_enable), (24 bytes).
    Removing at32f403a_407_exint.o(.ARM.exidx.text.exint_interrupt_enable), (8 bytes).
    Removing at32f403a_407_exint.o(.text.exint_event_enable), (24 bytes).
    Removing at32f403a_407_exint.o(.ARM.exidx.text.exint_event_enable), (8 bytes).
    Removing at32f403a_407_misc.o(.text), (0 bytes).
    Removing at32f403a_407_misc.o(.text.nvic_system_reset), (4 bytes).
    Removing at32f403a_407_misc.o(.ARM.exidx.text.nvic_system_reset), (8 bytes).
    Removing at32f403a_407_misc.o(.text.__NVIC_SystemReset), (36 bytes).
    Removing at32f403a_407_misc.o(.ARM.exidx.text.__NVIC_SystemReset), (8 bytes).
    Removing at32f403a_407_misc.o(.ARM.exidx.text.nvic_irq_enable), (8 bytes).
    Removing at32f403a_407_misc.o(.text.nvic_irq_disable), (36 bytes).
    Removing at32f403a_407_misc.o(.ARM.exidx.text.nvic_irq_disable), (8 bytes).
    Removing at32f403a_407_misc.o(.ARM.exidx.text.nvic_priority_group_config), (8 bytes).
    Removing at32f403a_407_misc.o(.text.nvic_vector_table_set), (20 bytes).
    Removing at32f403a_407_misc.o(.ARM.exidx.text.nvic_vector_table_set), (8 bytes).
    Removing at32f403a_407_misc.o(.text.nvic_lowpower_mode_config), (24 bytes).
    Removing at32f403a_407_misc.o(.ARM.exidx.text.nvic_lowpower_mode_config), (8 bytes).
    Removing at32f403a_407_misc.o(.ARM.exidx.text.systick_clock_source_config), (8 bytes).
    Removing at32f403a_407_usb.o(.text), (0 bytes).
    Removing at32f403a_407_usb.o(.text.usb_dev_init), (28 bytes).
    Removing at32f403a_407_usb.o(.ARM.exidx.text.usb_dev_init), (8 bytes).
    Removing at32f403a_407_usb.o(.text.usb_interrupt_enable), (16 bytes).
    Removing at32f403a_407_usb.o(.ARM.exidx.text.usb_interrupt_enable), (8 bytes).
    Removing at32f403a_407_usb.o(.text.usb_connect), (18 bytes).
    Removing at32f403a_407_usb.o(.ARM.exidx.text.usb_connect), (8 bytes).
    Removing at32f403a_407_usb.o(.text.usb_disconnect), (18 bytes).
    Removing at32f403a_407_usb.o(.ARM.exidx.text.usb_disconnect), (8 bytes).
    Removing at32f403a_407_usb.o(.text.usb_usbbufs_enable), (52 bytes).
    Removing at32f403a_407_usb.o(.ARM.exidx.text.usb_usbbufs_enable), (8 bytes).
    Removing at32f403a_407_usb.o(.text.usb_ept_open), (784 bytes).
    Removing at32f403a_407_usb.o(.ARM.exidx.text.usb_ept_open), (8 bytes).
    Removing at32f403a_407_usb.o(.text.usb_ept_close), (244 bytes).
    Removing at32f403a_407_usb.o(.ARM.exidx.text.usb_ept_close), (8 bytes).
    Removing at32f403a_407_usb.o(.text.usb_write_packet), (36 bytes).
    Removing at32f403a_407_usb.o(.ARM.exidx.text.usb_write_packet), (8 bytes).
    Removing at32f403a_407_usb.o(.text.usb_read_packet), (36 bytes).
    Removing at32f403a_407_usb.o(.ARM.exidx.text.usb_read_packet), (8 bytes).
    Removing at32f403a_407_usb.o(.text.usb_set_address), (18 bytes).
    Removing at32f403a_407_usb.o(.ARM.exidx.text.usb_set_address), (8 bytes).
    Removing at32f403a_407_usb.o(.text.usb_ept_stall), (52 bytes).
    Removing at32f403a_407_usb.o(.ARM.exidx.text.usb_ept_stall), (8 bytes).
    Removing at32f403a_407_usb.o(.text.usb_enter_suspend), (18 bytes).
    Removing at32f403a_407_usb.o(.ARM.exidx.text.usb_enter_suspend), (8 bytes).
    Removing at32f403a_407_usb.o(.text.usb_exit_suspend), (18 bytes).
    Removing at32f403a_407_usb.o(.ARM.exidx.text.usb_exit_suspend), (8 bytes).
    Removing at32f403a_407_usb.o(.text.usb_remote_wkup_set), (10 bytes).
    Removing at32f403a_407_usb.o(.ARM.exidx.text.usb_remote_wkup_set), (8 bytes).
    Removing at32f403a_407_usb.o(.text.usb_remote_wkup_clear), (10 bytes).
    Removing at32f403a_407_usb.o(.ARM.exidx.text.usb_remote_wkup_clear), (8 bytes).
    Removing at32f403a_407_usb.o(.text.usb_buffer_malloc), (16 bytes).
    Removing at32f403a_407_usb.o(.ARM.exidx.text.usb_buffer_malloc), (8 bytes).
    Removing at32f403a_407_usb.o(.text.usb_buffer_free), (12 bytes).
    Removing at32f403a_407_usb.o(.ARM.exidx.text.usb_buffer_free), (8 bytes).
    Removing at32f403a_407_usb.o(.text.usb_flag_get), (10 bytes).
    Removing at32f403a_407_usb.o(.ARM.exidx.text.usb_flag_get), (8 bytes).
    Removing at32f403a_407_usb.o(.text.usb_interrupt_flag_get), (32 bytes).
    Removing at32f403a_407_usb.o(.ARM.exidx.text.usb_interrupt_flag_get), (8 bytes).
    Removing at32f403a_407_usb.o(.text.usb_flag_clear), (6 bytes).
    Removing at32f403a_407_usb.o(.ARM.exidx.text.usb_flag_clear), (8 bytes).
    Removing at32f403a_407_usb.o(.data.g_usb_packet_address), (4 bytes).
    Removing at32f403a_407_usb.o(.data.g_usb_offset_addr), (2 bytes).
    Removing at32f403a_407_acc.o(.text), (0 bytes).
    Removing at32f403a_407_acc.o(.text.acc_calibration_mode_enable), (36 bytes).
    Removing at32f403a_407_acc.o(.ARM.exidx.text.acc_calibration_mode_enable), (8 bytes).
    Removing at32f403a_407_acc.o(.text.acc_step_set), (24 bytes).
    Removing at32f403a_407_acc.o(.ARM.exidx.text.acc_step_set), (8 bytes).
    Removing at32f403a_407_acc.o(.text.acc_interrupt_enable), (52 bytes).
    Removing at32f403a_407_acc.o(.ARM.exidx.text.acc_interrupt_enable), (8 bytes).
    Removing at32f403a_407_acc.o(.text.acc_hicktrim_get), (16 bytes).
    Removing at32f403a_407_acc.o(.ARM.exidx.text.acc_hicktrim_get), (8 bytes).
    Removing at32f403a_407_acc.o(.text.acc_hickcal_get), (12 bytes).
    Removing at32f403a_407_acc.o(.ARM.exidx.text.acc_hickcal_get), (8 bytes).
    Removing at32f403a_407_acc.o(.text.acc_write_c1), (12 bytes).
    Removing at32f403a_407_acc.o(.ARM.exidx.text.acc_write_c1), (8 bytes).
    Removing at32f403a_407_acc.o(.text.acc_write_c2), (12 bytes).
    Removing at32f403a_407_acc.o(.ARM.exidx.text.acc_write_c2), (8 bytes).
    Removing at32f403a_407_acc.o(.text.acc_write_c3), (12 bytes).
    Removing at32f403a_407_acc.o(.ARM.exidx.text.acc_write_c3), (8 bytes).
    Removing at32f403a_407_acc.o(.text.acc_read_c1), (12 bytes).
    Removing at32f403a_407_acc.o(.ARM.exidx.text.acc_read_c1), (8 bytes).
    Removing at32f403a_407_acc.o(.text.acc_read_c2), (12 bytes).
    Removing at32f403a_407_acc.o(.ARM.exidx.text.acc_read_c2), (8 bytes).
    Removing at32f403a_407_acc.o(.text.acc_read_c3), (12 bytes).
    Removing at32f403a_407_acc.o(.ARM.exidx.text.acc_read_c3), (8 bytes).
    Removing at32f403a_407_acc.o(.text.acc_flag_get), (24 bytes).
    Removing at32f403a_407_acc.o(.ARM.exidx.text.acc_flag_get), (8 bytes).
    Removing at32f403a_407_acc.o(.text.acc_interrupt_flag_get), (44 bytes).
    Removing at32f403a_407_acc.o(.ARM.exidx.text.acc_interrupt_flag_get), (8 bytes).
    Removing at32f403a_407_acc.o(.text.acc_flag_clear), (12 bytes).
    Removing at32f403a_407_acc.o(.ARM.exidx.text.acc_flag_clear), (8 bytes).
    Removing at32f403a_407_can.o(.text), (0 bytes).
    Removing at32f403a_407_can.o(.text.can_reset), (56 bytes).
    Removing at32f403a_407_can.o(.ARM.exidx.text.can_reset), (8 bytes).
    Removing at32f403a_407_can.o(.text.can_baudrate_default_para_init), (16 bytes).
    Removing at32f403a_407_can.o(.ARM.exidx.text.can_baudrate_default_para_init), (8 bytes).
    Removing at32f403a_407_can.o(.text.can_baudrate_set), (142 bytes).
    Removing at32f403a_407_can.o(.ARM.exidx.text.can_baudrate_set), (8 bytes).
    Removing at32f403a_407_can.o(.text.can_default_para_init), (10 bytes).
    Removing at32f403a_407_can.o(.ARM.exidx.text.can_default_para_init), (8 bytes).
    Removing at32f403a_407_can.o(.text.can_base_init), (174 bytes).
    Removing at32f403a_407_can.o(.ARM.exidx.text.can_base_init), (8 bytes).
    Removing at32f403a_407_can.o(.text.can_filter_default_para_init), (16 bytes).
    Removing at32f403a_407_can.o(.ARM.exidx.text.can_filter_default_para_init), (8 bytes).
    Removing at32f403a_407_can.o(.text.can_filter_init), (266 bytes).
    Removing at32f403a_407_can.o(.ARM.exidx.text.can_filter_init), (8 bytes).
    Removing at32f403a_407_can.o(.text.can_debug_transmission_prohibit), (18 bytes).
    Removing at32f403a_407_can.o(.ARM.exidx.text.can_debug_transmission_prohibit), (8 bytes).
    Removing at32f403a_407_can.o(.text.can_ttc_mode_enable), (66 bytes).
    Removing at32f403a_407_can.o(.ARM.exidx.text.can_ttc_mode_enable), (8 bytes).
    Removing at32f403a_407_can.o(.text.can_message_transmit), (184 bytes).
    Removing at32f403a_407_can.o(.ARM.exidx.text.can_message_transmit), (8 bytes).
    Removing at32f403a_407_can.o(.text.can_transmit_status_get), (64 bytes).
    Removing at32f403a_407_can.o(.ARM.exidx.text.can_transmit_status_get), (8 bytes).
    Removing at32f403a_407_can.o(.text.can_transmit_cancel), (44 bytes).
    Removing at32f403a_407_can.o(.ARM.exidx.text.can_transmit_cancel), (8 bytes).
    Removing at32f403a_407_can.o(.text.can_message_receive), (160 bytes).
    Removing at32f403a_407_can.o(.ARM.exidx.text.can_message_receive), (8 bytes).
    Removing at32f403a_407_can.o(.text.can_receive_fifo_release), (18 bytes).
    Removing at32f403a_407_can.o(.ARM.exidx.text.can_receive_fifo_release), (8 bytes).
    Removing at32f403a_407_can.o(.text.can_receive_message_pending_get), (24 bytes).
    Removing at32f403a_407_can.o(.ARM.exidx.text.can_receive_message_pending_get), (8 bytes).
    Removing at32f403a_407_can.o(.text.can_operating_mode_set), (188 bytes).
    Removing at32f403a_407_can.o(.ARM.exidx.text.can_operating_mode_set), (8 bytes).
    Removing at32f403a_407_can.o(.text.can_doze_mode_enter), (64 bytes).
    Removing at32f403a_407_can.o(.ARM.exidx.text.can_doze_mode_enter), (8 bytes).
    Removing at32f403a_407_can.o(.text.can_doze_mode_exit), (36 bytes).
    Removing at32f403a_407_can.o(.ARM.exidx.text.can_doze_mode_exit), (8 bytes).
    Removing at32f403a_407_can.o(.text.can_error_type_record_get), (8 bytes).
    Removing at32f403a_407_can.o(.ARM.exidx.text.can_error_type_record_get), (8 bytes).
    Removing at32f403a_407_can.o(.text.can_receive_error_counter_get), (6 bytes).
    Removing at32f403a_407_can.o(.ARM.exidx.text.can_receive_error_counter_get), (8 bytes).
    Removing at32f403a_407_can.o(.text.can_transmit_error_counter_get), (8 bytes).
    Removing at32f403a_407_can.o(.ARM.exidx.text.can_transmit_error_counter_get), (8 bytes).
    Removing at32f403a_407_can.o(.text.can_interrupt_enable), (16 bytes).
    Removing at32f403a_407_can.o(.ARM.exidx.text.can_interrupt_enable), (8 bytes).
    Removing at32f403a_407_can.o(.text.can_interrupt_flag_get), (144 bytes).
    Removing at32f403a_407_can.o(.ARM.exidx.text.can_interrupt_flag_get), (8 bytes).
    Removing at32f403a_407_can.o(.text.can_flag_get), (198 bytes).
    Removing at32f403a_407_can.o(.ARM.exidx.text.can_flag_get), (8 bytes).
    Removing at32f403a_407_can.o(.text.can_flag_clear), (108 bytes).
    Removing at32f403a_407_can.o(.ARM.exidx.text.can_flag_clear), (8 bytes).
    Removing at32f403a_407_dac.o(.text), (0 bytes).
    Removing at32f403a_407_dac.o(.text.dac_reset), (28 bytes).
    Removing at32f403a_407_dac.o(.ARM.exidx.text.dac_reset), (8 bytes).
    Removing at32f403a_407_dac.o(.text.dac_enable), (48 bytes).
    Removing at32f403a_407_dac.o(.ARM.exidx.text.dac_enable), (8 bytes).
    Removing at32f403a_407_dac.o(.text.dac_output_buffer_enable), (48 bytes).
    Removing at32f403a_407_dac.o(.ARM.exidx.text.dac_output_buffer_enable), (8 bytes).
    Removing at32f403a_407_dac.o(.text.dac_trigger_enable), (48 bytes).
    Removing at32f403a_407_dac.o(.ARM.exidx.text.dac_trigger_enable), (8 bytes).
    Removing at32f403a_407_dac.o(.text.dac_trigger_select), (48 bytes).
    Removing at32f403a_407_dac.o(.ARM.exidx.text.dac_trigger_select), (8 bytes).
    Removing at32f403a_407_dac.o(.text.dac_software_trigger_generate), (32 bytes).
    Removing at32f403a_407_dac.o(.ARM.exidx.text.dac_software_trigger_generate), (8 bytes).
    Removing at32f403a_407_dac.o(.text.dac_dual_software_trigger_generate), (16 bytes).
    Removing at32f403a_407_dac.o(.ARM.exidx.text.dac_dual_software_trigger_generate), (8 bytes).
    Removing at32f403a_407_dac.o(.text.dac_wave_generate), (48 bytes).
    Removing at32f403a_407_dac.o(.ARM.exidx.text.dac_wave_generate), (8 bytes).
    Removing at32f403a_407_dac.o(.text.dac_mask_amplitude_select), (48 bytes).
    Removing at32f403a_407_dac.o(.ARM.exidx.text.dac_mask_amplitude_select), (8 bytes).
    Removing at32f403a_407_dac.o(.text.dac_dma_enable), (48 bytes).
    Removing at32f403a_407_dac.o(.ARM.exidx.text.dac_dma_enable), (8 bytes).
    Removing at32f403a_407_dac.o(.text.dac_data_output_get), (32 bytes).
    Removing at32f403a_407_dac.o(.ARM.exidx.text.dac_data_output_get), (8 bytes).
    Removing at32f403a_407_dac.o(.text.dac_1_data_set), (4 bytes).
    Removing at32f403a_407_dac.o(.ARM.exidx.text.dac_1_data_set), (8 bytes).
    Removing at32f403a_407_dac.o(.text.dac_2_data_set), (4 bytes).
    Removing at32f403a_407_dac.o(.ARM.exidx.text.dac_2_data_set), (8 bytes).
    Removing at32f403a_407_dac.o(.text.dac_dual_data_set), (60 bytes).
    Removing at32f403a_407_dac.o(.ARM.exidx.text.dac_dual_data_set), (8 bytes).
    Removing at32f403a_407_xmc.o(.text), (0 bytes).
    Removing at32f403a_407_xmc.o(.text.xmc_nor_sram_reset), (48 bytes).
    Removing at32f403a_407_xmc.o(.ARM.exidx.text.xmc_nor_sram_reset), (8 bytes).
    Removing at32f403a_407_xmc.o(.text.xmc_nor_sram_init), (82 bytes).
    Removing at32f403a_407_xmc.o(.ARM.exidx.text.xmc_nor_sram_init), (8 bytes).
    Removing at32f403a_407_xmc.o(.text.xmc_nor_sram_timing_config), (116 bytes).
    Removing at32f403a_407_xmc.o(.ARM.exidx.text.xmc_nor_sram_timing_config), (8 bytes).
    Removing at32f403a_407_xmc.o(.text.xmc_norsram_default_para_init), (36 bytes).
    Removing at32f403a_407_xmc.o(.ARM.exidx.text.xmc_norsram_default_para_init), (8 bytes).
    Removing at32f403a_407_xmc.o(.text.xmc_norsram_timing_default_para_init), (46 bytes).
    Removing at32f403a_407_xmc.o(.ARM.exidx.text.xmc_norsram_timing_default_para_init), (8 bytes).
    Removing at32f403a_407_xmc.o(.text.xmc_nor_sram_enable), (18 bytes).
    Removing at32f403a_407_xmc.o(.ARM.exidx.text.xmc_nor_sram_enable), (8 bytes).
    Removing at32f403a_407_xmc.o(.text.xmc_ext_timing_config), (52 bytes).
    Removing at32f403a_407_xmc.o(.ARM.exidx.text.xmc_ext_timing_config), (8 bytes).
    Removing at32f403a_407_xmc.o(.text.xmc_nand_reset), (32 bytes).
    Removing at32f403a_407_xmc.o(.ARM.exidx.text.xmc_nand_reset), (8 bytes).
    Removing at32f403a_407_xmc.o(.text.xmc_nand_init), (48 bytes).
    Removing at32f403a_407_xmc.o(.ARM.exidx.text.xmc_nand_init), (8 bytes).
    Removing at32f403a_407_xmc.o(.text.xmc_nand_timing_config), (68 bytes).
    Removing at32f403a_407_xmc.o(.ARM.exidx.text.xmc_nand_timing_config), (8 bytes).
    Removing at32f403a_407_xmc.o(.text.xmc_nand_default_para_init), (22 bytes).
    Removing at32f403a_407_xmc.o(.ARM.exidx.text.xmc_nand_default_para_init), (8 bytes).
    Removing at32f403a_407_xmc.o(.text.xmc_nand_timing_default_para_init), (26 bytes).
    Removing at32f403a_407_xmc.o(.ARM.exidx.text.xmc_nand_timing_default_para_init), (8 bytes).
    Removing at32f403a_407_xmc.o(.text.xmc_nand_enable), (32 bytes).
    Removing at32f403a_407_xmc.o(.ARM.exidx.text.xmc_nand_enable), (8 bytes).
    Removing at32f403a_407_xmc.o(.text.xmc_nand_ecc_enable), (32 bytes).
    Removing at32f403a_407_xmc.o(.ARM.exidx.text.xmc_nand_ecc_enable), (8 bytes).
    Removing at32f403a_407_xmc.o(.text.xmc_ecc_get), (16 bytes).
    Removing at32f403a_407_xmc.o(.ARM.exidx.text.xmc_ecc_get), (8 bytes).
    Removing at32f403a_407_xmc.o(.text.xmc_interrupt_enable), (36 bytes).
    Removing at32f403a_407_xmc.o(.ARM.exidx.text.xmc_interrupt_enable), (8 bytes).
    Removing at32f403a_407_xmc.o(.text.xmc_flag_status_get), (24 bytes).
    Removing at32f403a_407_xmc.o(.ARM.exidx.text.xmc_flag_status_get), (8 bytes).
    Removing at32f403a_407_xmc.o(.text.xmc_interrupt_flag_status_get), (76 bytes).
    Removing at32f403a_407_xmc.o(.ARM.exidx.text.xmc_interrupt_flag_status_get), (8 bytes).
    Removing at32f403a_407_xmc.o(.text.xmc_flag_clear), (40 bytes).
    Removing at32f403a_407_xmc.o(.ARM.exidx.text.xmc_flag_clear), (8 bytes).
    Removing at32f403a_407_emac.o(.text), (0 bytes).
    Removing at32f403a_407_sdio.o(.text), (0 bytes).
    Removing at32f403a_407_sdio.o(.text.sdio_reset), (28 bytes).
    Removing at32f403a_407_sdio.o(.ARM.exidx.text.sdio_reset), (8 bytes).
    Removing at32f403a_407_sdio.o(.text.sdio_power_set), (10 bytes).
    Removing at32f403a_407_sdio.o(.ARM.exidx.text.sdio_power_set), (8 bytes).
    Removing at32f403a_407_sdio.o(.text.sdio_power_status_get), (8 bytes).
    Removing at32f403a_407_sdio.o(.ARM.exidx.text.sdio_power_status_get), (8 bytes).
    Removing at32f403a_407_sdio.o(.text.sdio_clock_config), (38 bytes).
    Removing at32f403a_407_sdio.o(.ARM.exidx.text.sdio_clock_config), (8 bytes).
    Removing at32f403a_407_sdio.o(.text.sdio_bus_width_config), (18 bytes).
    Removing at32f403a_407_sdio.o(.ARM.exidx.text.sdio_bus_width_config), (8 bytes).
    Removing at32f403a_407_sdio.o(.text.sdio_clock_bypass), (18 bytes).
    Removing at32f403a_407_sdio.o(.ARM.exidx.text.sdio_clock_bypass), (8 bytes).
    Removing at32f403a_407_sdio.o(.text.sdio_power_saving_mode_enable), (18 bytes).
    Removing at32f403a_407_sdio.o(.ARM.exidx.text.sdio_power_saving_mode_enable), (8 bytes).
    Removing at32f403a_407_sdio.o(.text.sdio_flow_control_enable), (18 bytes).
    Removing at32f403a_407_sdio.o(.ARM.exidx.text.sdio_flow_control_enable), (8 bytes).
    Removing at32f403a_407_sdio.o(.text.sdio_clock_enable), (18 bytes).
    Removing at32f403a_407_sdio.o(.ARM.exidx.text.sdio_clock_enable), (8 bytes).
    Removing at32f403a_407_sdio.o(.text.sdio_dma_enable), (18 bytes).
    Removing at32f403a_407_sdio.o(.ARM.exidx.text.sdio_dma_enable), (8 bytes).
    Removing at32f403a_407_sdio.o(.text.sdio_interrupt_enable), (16 bytes).
    Removing at32f403a_407_sdio.o(.ARM.exidx.text.sdio_interrupt_enable), (8 bytes).
    Removing at32f403a_407_sdio.o(.text.sdio_interrupt_flag_get), (20 bytes).
    Removing at32f403a_407_sdio.o(.ARM.exidx.text.sdio_interrupt_flag_get), (8 bytes).
    Removing at32f403a_407_sdio.o(.text.sdio_flag_get), (14 bytes).
    Removing at32f403a_407_sdio.o(.ARM.exidx.text.sdio_flag_get), (8 bytes).
    Removing at32f403a_407_sdio.o(.text.sdio_flag_clear), (4 bytes).
    Removing at32f403a_407_sdio.o(.ARM.exidx.text.sdio_flag_clear), (8 bytes).
    Removing at32f403a_407_sdio.o(.text.sdio_command_config), (74 bytes).
    Removing at32f403a_407_sdio.o(.ARM.exidx.text.sdio_command_config), (8 bytes).
    Removing at32f403a_407_sdio.o(.text.sdio_command_state_machine_enable), (18 bytes).
    Removing at32f403a_407_sdio.o(.ARM.exidx.text.sdio_command_state_machine_enable), (8 bytes).
    Removing at32f403a_407_sdio.o(.text.sdio_command_response_get), (8 bytes).
    Removing at32f403a_407_sdio.o(.ARM.exidx.text.sdio_command_response_get), (8 bytes).
    Removing at32f403a_407_sdio.o(.text.sdio_response_get), (34 bytes).
    Removing at32f403a_407_sdio.o(.ARM.exidx.text.sdio_response_get), (8 bytes).
    Removing at32f403a_407_sdio.o(.text.sdio_data_config), (62 bytes).
    Removing at32f403a_407_sdio.o(.ARM.exidx.text.sdio_data_config), (8 bytes).
    Removing at32f403a_407_sdio.o(.text.sdio_data_state_machine_enable), (10 bytes).
    Removing at32f403a_407_sdio.o(.ARM.exidx.text.sdio_data_state_machine_enable), (8 bytes).
    Removing at32f403a_407_sdio.o(.text.sdio_data_counter_get), (4 bytes).
    Removing at32f403a_407_sdio.o(.ARM.exidx.text.sdio_data_counter_get), (8 bytes).
    Removing at32f403a_407_sdio.o(.text.sdio_data_read), (6 bytes).
    Removing at32f403a_407_sdio.o(.ARM.exidx.text.sdio_data_read), (8 bytes).
    Removing at32f403a_407_sdio.o(.text.sdio_buffer_counter_get), (4 bytes).
    Removing at32f403a_407_sdio.o(.ARM.exidx.text.sdio_buffer_counter_get), (8 bytes).
    Removing at32f403a_407_sdio.o(.text.sdio_data_write), (6 bytes).
    Removing at32f403a_407_sdio.o(.ARM.exidx.text.sdio_data_write), (8 bytes).
    Removing at32f403a_407_sdio.o(.text.sdio_read_wait_mode_set), (18 bytes).
    Removing at32f403a_407_sdio.o(.ARM.exidx.text.sdio_read_wait_mode_set), (8 bytes).
    Removing at32f403a_407_sdio.o(.text.sdio_read_wait_start), (18 bytes).
    Removing at32f403a_407_sdio.o(.ARM.exidx.text.sdio_read_wait_start), (8 bytes).
    Removing at32f403a_407_sdio.o(.text.sdio_read_wait_stop), (18 bytes).
    Removing at32f403a_407_sdio.o(.ARM.exidx.text.sdio_read_wait_stop), (8 bytes).
    Removing at32f403a_407_sdio.o(.text.sdio_io_function_enable), (18 bytes).
    Removing at32f403a_407_sdio.o(.ARM.exidx.text.sdio_io_function_enable), (8 bytes).
    Removing at32f403a_407_sdio.o(.text.sdio_io_suspend_command_set), (18 bytes).
    Removing at32f403a_407_sdio.o(.ARM.exidx.text.sdio_io_suspend_command_set), (8 bytes).
    Removing at32f403a_407_debug.o(.text), (0 bytes).
    Removing at32f403a_407_debug.o(.text.debug_device_id_get), (12 bytes).
    Removing at32f403a_407_debug.o(.ARM.exidx.text.debug_device_id_get), (8 bytes).
    Removing at32f403a_407_debug.o(.text.debug_periph_mode_set), (24 bytes).
    Removing at32f403a_407_debug.o(.ARM.exidx.text.debug_periph_mode_set), (8 bytes).
    Removing at32f403a_407_bpr.o(.text), (0 bytes).
    Removing at32f403a_407_bpr.o(.text.bpr_reset), (18 bytes).
    Removing at32f403a_407_bpr.o(.ARM.exidx.text.bpr_reset), (8 bytes).
    Removing at32f403a_407_bpr.o(.text.bpr_flag_get), (28 bytes).
    Removing at32f403a_407_bpr.o(.ARM.exidx.text.bpr_flag_get), (8 bytes).
    Removing at32f403a_407_bpr.o(.text.bpr_interrupt_flag_get), (32 bytes).
    Removing at32f403a_407_bpr.o(.ARM.exidx.text.bpr_interrupt_flag_get), (8 bytes).
    Removing at32f403a_407_bpr.o(.text.bpr_flag_clear), (24 bytes).
    Removing at32f403a_407_bpr.o(.ARM.exidx.text.bpr_flag_clear), (8 bytes).
    Removing at32f403a_407_bpr.o(.text.bpr_interrupt_enable), (24 bytes).
    Removing at32f403a_407_bpr.o(.ARM.exidx.text.bpr_interrupt_enable), (8 bytes).
    Removing at32f403a_407_bpr.o(.text.bpr_data_read), (12 bytes).
    Removing at32f403a_407_bpr.o(.ARM.exidx.text.bpr_data_read), (8 bytes).
    Removing at32f403a_407_bpr.o(.text.bpr_data_write), (12 bytes).
    Removing at32f403a_407_bpr.o(.ARM.exidx.text.bpr_data_write), (8 bytes).
    Removing at32f403a_407_bpr.o(.text.bpr_rtc_output_select), (24 bytes).
    Removing at32f403a_407_bpr.o(.ARM.exidx.text.bpr_rtc_output_select), (8 bytes).
    Removing at32f403a_407_bpr.o(.text.bpr_rtc_clock_calibration_value_set), (16 bytes).
    Removing at32f403a_407_bpr.o(.ARM.exidx.text.bpr_rtc_clock_calibration_value_set), (8 bytes).
    Removing at32f403a_407_bpr.o(.text.bpr_tamper_pin_enable), (16 bytes).
    Removing at32f403a_407_bpr.o(.ARM.exidx.text.bpr_tamper_pin_enable), (8 bytes).
    Removing at32f403a_407_bpr.o(.text.bpr_tamper_pin_active_level_set), (24 bytes).
    Removing at32f403a_407_bpr.o(.ARM.exidx.text.bpr_tamper_pin_active_level_set), (8 bytes).
    Removing startup_at32f403a_407.o(HEAP), (1024 bytes).
    Removing system_at32f403a_407.o(.text), (0 bytes).
    Removing system_at32f403a_407.o(.ARM.exidx.text.SystemInit), (8 bytes).
    Removing system_at32f403a_407.o(.ARM.exidx.text.system_core_clock_update), (8 bytes).
    Removing drv_uart.o(.text), (0 bytes).
    Removing drv_uart.o(.ARM.exidx.text.USART1_IRQHandler), (8 bytes).
    Removing drv_uart.o(.ARM.exidx.text.TMR6_GLOBAL_IRQHandler), (8 bytes).
    Removing drv_uart.o(.ARM.exidx.text.drv_serial_1_rx_handler_init), (8 bytes).
    Removing drv_uart.o(.ARM.exidx.text.drv_serial_rx_clear), (8 bytes).
    Removing drv_uart.o(.ARM.exidx.text.drv_get_serial_fifo_1), (8 bytes).
    Removing drv_uart.o(.ARM.exidx.text.usart_write_block), (8 bytes).
    Removing drv_uart.o(.ARM.exidx.text.drv_uart_config), (8 bytes).
    Removing drv_uart.o(.ARM.exidx.text.drv_putc), (8 bytes).
    Removing drv_uart.o(.ARM.exidx.text.drv_putc_size), (8 bytes).
    Removing drv_uart.o(.ARM.exidx.text.drv_getc), (8 bytes).
    Removing drv_uart.o(.text.fputc), (28 bytes).
    Removing drv_uart.o(.ARM.exidx.text.fputc), (8 bytes).
    Removing drv_led.o(.text), (0 bytes).
    Removing drv_led.o(.ARM.exidx.text.drv_led_set), (8 bytes).
    Removing drv_led.o(.ARM.exidx.text.drv_led_blink), (8 bytes).
    Removing tch_uart.o(.text), (0 bytes).
    Removing tch_uart.o(.ARM.exidx.text.serial_device_1_init), (8 bytes).
    Removing tch_uart.o(.ARM.exidx.text.serial_device_init), (8 bytes).
    Removing tch_uart.o(.ARM.exidx.text.tch_get_serial), (8 bytes).
    Removing mb_rtu.o(.text), (0 bytes).
    Removing mb_rtu.o(.ARM.exidx.text.mb_init), (8 bytes).
    Removing mb_rtu.o(.ARM.exidx.text.mb_polling), (8 bytes).

1037 unused section(s) (total 24204 bytes) removed from the image.

==============================================================================

Image Symbol Table

    Local Symbols

    Symbol Name                              Value     Ov Type        Size  Object(Section)

    ../clib/microlib/init/entry.s            0x00000000   Number         0  entry.o ABSOLUTE
    ../clib/microlib/init/entry.s            0x00000000   Number         0  entry2.o ABSOLUTE
    ../clib/microlib/init/entry.s            0x00000000   Number         0  entry5.o ABSOLUTE
    ../clib/microlib/init/entry.s            0x00000000   Number         0  entry7a.o ABSOLUTE
    ../clib/microlib/init/entry.s            0x00000000   Number         0  entry7b.o ABSOLUTE
    ../clib/microlib/init/entry.s            0x00000000   Number         0  entry8a.o ABSOLUTE
    ../clib/microlib/init/entry.s            0x00000000   Number         0  entry8b.o ABSOLUTE
    ../clib/microlib/init/entry.s            0x00000000   Number         0  entry9a.o ABSOLUTE
    ../clib/microlib/init/entry.s            0x00000000   Number         0  entry9b.o ABSOLUTE
    ../clib/microlib/init/entry.s            0x00000000   Number         0  entry10a.o ABSOLUTE
    ../clib/microlib/init/entry.s            0x00000000   Number         0  entry10b.o ABSOLUTE
    ../clib/microlib/init/entry.s            0x00000000   Number         0  entry11a.o ABSOLUTE
    ../clib/microlib/init/entry.s            0x00000000   Number         0  entry11b.o ABSOLUTE
    ../clib/microlib/string/memset.c         0x00000000   Number         0  memseta.o ABSOLUTE
    ../clib/microlib/string/strcmp.c         0x00000000   Number         0  strcmp.o ABSOLUTE
    at32f403a_407_acc.c                      0x00000000   Number         0  at32f403a_407_acc.o ABSOLUTE
    at32f403a_407_adc.c                      0x00000000   Number         0  at32f403a_407_adc.o ABSOLUTE
    at32f403a_407_bpr.c                      0x00000000   Number         0  at32f403a_407_bpr.o ABSOLUTE
    at32f403a_407_can.c                      0x00000000   Number         0  at32f403a_407_can.o ABSOLUTE
    at32f403a_407_crc.c                      0x00000000   Number         0  at32f403a_407_crc.o ABSOLUTE
    at32f403a_407_crm.c                      0x00000000   Number         0  at32f403a_407_crm.o ABSOLUTE
    at32f403a_407_dac.c                      0x00000000   Number         0  at32f403a_407_dac.o ABSOLUTE
    at32f403a_407_debug.c                    0x00000000   Number         0  at32f403a_407_debug.o ABSOLUTE
    at32f403a_407_dma.c                      0x00000000   Number         0  at32f403a_407_dma.o ABSOLUTE
    at32f403a_407_emac.c                     0x00000000   Number         0  at32f403a_407_emac.o ABSOLUTE
    at32f403a_407_exint.c                    0x00000000   Number         0  at32f403a_407_exint.o ABSOLUTE
    at32f403a_407_flash.c                    0x00000000   Number         0  at32f403a_407_flash.o ABSOLUTE
    at32f403a_407_gpio.c                     0x00000000   Number         0  at32f403a_407_gpio.o ABSOLUTE
    at32f403a_407_i2c.c                      0x00000000   Number         0  at32f403a_407_i2c.o ABSOLUTE
    at32f403a_407_int.c                      0x00000000   Number         0  at32f403a_407_int.o ABSOLUTE
    at32f403a_407_misc.c                     0x00000000   Number         0  at32f403a_407_misc.o ABSOLUTE
    at32f403a_407_pwc.c                      0x00000000   Number         0  at32f403a_407_pwc.o ABSOLUTE
    at32f403a_407_rtc.c                      0x00000000   Number         0  at32f403a_407_rtc.o ABSOLUTE
    at32f403a_407_sdio.c                     0x00000000   Number         0  at32f403a_407_sdio.o ABSOLUTE
    at32f403a_407_spi.c                      0x00000000   Number         0  at32f403a_407_spi.o ABSOLUTE
    at32f403a_407_tmr.c                      0x00000000   Number         0  at32f403a_407_tmr.o ABSOLUTE
    at32f403a_407_usart.c                    0x00000000   Number         0  at32f403a_407_usart.o ABSOLUTE
    at32f403a_407_usb.c                      0x00000000   Number         0  at32f403a_407_usb.o ABSOLUTE
    at32f403a_407_wdt.c                      0x00000000   Number         0  at32f403a_407_wdt.o ABSOLUTE
    at32f403a_407_wk_config.c                0x00000000   Number         0  at32f403a_407_wk_config.o ABSOLUTE
    at32f403a_407_wwdt.c                     0x00000000   Number         0  at32f403a_407_wwdt.o ABSOLUTE
    at32f403a_407_xmc.c                      0x00000000   Number         0  at32f403a_407_xmc.o ABSOLUTE
    dc.s                                     0x00000000   Number         0  dc.o ABSOLUTE
    drv_led.c                                0x00000000   Number         0  drv_led.o ABSOLUTE
    drv_uart.c                               0x00000000   Number         0  drv_uart.o ABSOLUTE
    handlers.s                               0x00000000   Number         0  handlers.o ABSOLUTE
    init.s                                   0x00000000   Number         0  init.o ABSOLUTE
    main.c                                   0x00000000   Number         0  main.o ABSOLUTE
    mb_rtu.c                                 0x00000000   Number         0  mb_rtu.o ABSOLUTE
    rtc.c                                    0x00000000   Number         0  rtc.o ABSOLUTE
    startup_at32f403a_407.s                  0x00000000   Number         0  startup_at32f403a_407.o ABSOLUTE
    system_at32f403a_407.c                   0x00000000   Number         0  system_at32f403a_407.o ABSOLUTE
    tch_uart.c                               0x00000000   Number         0  tch_uart.o ABSOLUTE
    wk_debug.c                               0x00000000   Number         0  wk_debug.o ABSOLUTE
    wk_gpio.c                                0x00000000   Number         0  wk_gpio.o ABSOLUTE
    wk_system.c                              0x00000000   Number         0  wk_system.o ABSOLUTE
    wk_tmr.c                                 0x00000000   Number         0  wk_tmr.o ABSOLUTE
    wk_usart.c                               0x00000000   Number         0  wk_usart.o ABSOLUTE
    RESET                                    0x08000000   Section      388  startup_at32f403a_407.o(RESET)
    .ARM.Collect$$$$00000000                 0x08000184   Section        0  entry.o(.ARM.Collect$$$$00000000)
    .ARM.Collect$$$$00000001                 0x08000184   Section        4  entry2.o(.ARM.Collect$$$$00000001)
    .ARM.Collect$$$$00000004                 0x08000188   Section        4  entry5.o(.ARM.Collect$$$$00000004)
    .ARM.Collect$$$$00000008                 0x0800018c   Section        0  entry7b.o(.ARM.Collect$$$$00000008)
    .ARM.Collect$$$$0000000A                 0x0800018c   Section        0  entry8b.o(.ARM.Collect$$$$0000000A)
    .ARM.Collect$$$$0000000B                 0x0800018c   Section        8  entry9a.o(.ARM.Collect$$$$0000000B)
    __lit__00000000                          0x08000194   Data           4  entry2.o(.ARM.Collect$$$$00002712)
    .ARM.Collect$$$$0000000D                 0x08000194   Section        0  entry10a.o(.ARM.Collect$$$$0000000D)
    .ARM.Collect$$$$0000000F                 0x08000194   Section        0  entry11a.o(.ARM.Collect$$$$0000000F)
    .ARM.Collect$$$$00002712                 0x08000194   Section        4  entry2.o(.ARM.Collect$$$$00002712)
    $v0                                      0x08000198   Number         0  startup_at32f403a_407.o(.text)
    .text                                    0x08000198   Section       36  startup_at32f403a_407.o(.text)
    .text                                    0x080001bc   Section        0  strcmp.o(.text)
    .text                                    0x080001d8   Section       36  init.o(.text)
    [Anonymous Symbol]                       0x080001fc   Section        0  at32f403a_407_int.o(.text.BusFault_Handler)
    [Anonymous Symbol]                       0x080001fe   Section        0  at32f403a_407_int.o(.text.DebugMon_Handler)
    [Anonymous Symbol]                       0x08000200   Section        0  at32f403a_407_int.o(.text.HardFault_Handler)
    [Anonymous Symbol]                       0x08000202   Section        0  at32f403a_407_int.o(.text.MemManage_Handler)
    [Anonymous Symbol]                       0x08000204   Section        0  at32f403a_407_int.o(.text.NMI_Handler)
    NVIC_EncodePriority                      0x08000207   Thumb Code    36  at32f403a_407_wk_config.o(.text.NVIC_EncodePriority)
    [Anonymous Symbol]                       0x08000206   Section        0  at32f403a_407_wk_config.o(.text.NVIC_EncodePriority)
    [Anonymous Symbol]                       0x0800022a   Section        0  at32f403a_407_int.o(.text.PendSV_Handler)
    [Anonymous Symbol]                       0x0800022c   Section        0  at32f403a_407_int.o(.text.SVC_Handler)
    [Anonymous Symbol]                       0x0800022e   Section        0  at32f403a_407_int.o(.text.SysTick_Handler)
    [Anonymous Symbol]                       0x08000230   Section        0  system_at32f403a_407.o(.text.SystemInit)
    __arm_cp.0_0                             0x0800027c   Number         4  system_at32f403a_407.o(.text.SystemInit)
    [Anonymous Symbol]                       0x08000280   Section        0  drv_uart.o(.text.TMR6_GLOBAL_IRQHandler)
    __arm_cp.1_0                             0x080002b8   Number         4  drv_uart.o(.text.TMR6_GLOBAL_IRQHandler)
    [Anonymous Symbol]                       0x080002bc   Section        0  drv_uart.o(.text.USART1_IRQHandler)
    __arm_cp.0_0                             0x08000300   Number         4  drv_uart.o(.text.USART1_IRQHandler)
    [Anonymous Symbol]                       0x08000304   Section        0  at32f403a_407_int.o(.text.UsageFault_Handler)
    [Anonymous Symbol]                       0x08000308   Section        0  at32f403a_407_crm.o(.text.crm_ahb_div_set)
    [Anonymous Symbol]                       0x0800031c   Section        0  at32f403a_407_crm.o(.text.crm_apb1_div_set)
    [Anonymous Symbol]                       0x08000330   Section        0  at32f403a_407_crm.o(.text.crm_apb2_div_set)
    [Anonymous Symbol]                       0x08000344   Section        0  at32f403a_407_crm.o(.text.crm_auto_step_mode_enable)
    __arm_cp.28_0                            0x08000358   Number         4  at32f403a_407_crm.o(.text.crm_auto_step_mode_enable)
    [Anonymous Symbol]                       0x0800035c   Section        0  at32f403a_407_crm.o(.text.crm_clock_source_enable)
    [Anonymous Symbol]                       0x080003b8   Section        0  at32f403a_407_crm.o(.text.crm_clocks_freq_get)
    __arm_cp.25_0                            0x08000474   Number         4  at32f403a_407_crm.o(.text.crm_clocks_freq_get)
    __arm_cp.25_1                            0x08000478   Number         4  at32f403a_407_crm.o(.text.crm_clocks_freq_get)
    __arm_cp.25_2                            0x0800047c   Number         4  at32f403a_407_crm.o(.text.crm_clocks_freq_get)
    __arm_cp.25_3                            0x08000480   Number         4  at32f403a_407_crm.o(.text.crm_clocks_freq_get)
    crm_clocks_freq_get.sclk_ahb_div_table   0x08000484   Number         0  at32f403a_407_crm.o(.text.crm_clocks_freq_get)
    __arm_cp.25_5                            0x08000494   Number         4  at32f403a_407_crm.o(.text.crm_clocks_freq_get)
    crm_clocks_freq_get.adc_div_table        0x08000498   Number         0  at32f403a_407_crm.o(.text.crm_clocks_freq_get)
    [Anonymous Symbol]                       0x080004a0   Section        0  at32f403a_407_crm.o(.text.crm_flag_get)
    [Anonymous Symbol]                       0x080004b8   Section        0  at32f403a_407_crm.o(.text.crm_hext_stable_wait)
    [Anonymous Symbol]                       0x080004d4   Section        0  at32f403a_407_crm.o(.text.crm_periph_clock_enable)
    [Anonymous Symbol]                       0x080004f0   Section        0  at32f403a_407_crm.o(.text.crm_pll_config)
    [Anonymous Symbol]                       0x08000548   Section        0  at32f403a_407_crm.o(.text.crm_reset)
    __arm_cp.0_0                             0x08000580   Number         4  at32f403a_407_crm.o(.text.crm_reset)
    __arm_cp.0_1                             0x08000584   Number         4  at32f403a_407_crm.o(.text.crm_reset)
    [Anonymous Symbol]                       0x08000588   Section        0  at32f403a_407_crm.o(.text.crm_sysclk_switch)
    [Anonymous Symbol]                       0x080005bc   Section        0  at32f403a_407_crm.o(.text.crm_sysclk_switch_status_get)
    __arm_cp.24_0                            0x080005c8   Number         4  at32f403a_407_crm.o(.text.crm_sysclk_switch_status_get)
    [Anonymous Symbol]                       0x080005cc   Section        0  drv_uart.o(.text.drv_get_serial_fifo_1)
    [Anonymous Symbol]                       0x080005d0   Section        0  drv_uart.o(.text.drv_getc)
    __arm_cp.9_1                             0x08000618   Number         4  drv_uart.o(.text.drv_getc)
    [Anonymous Symbol]                       0x0800061c   Section        0  drv_led.o(.text.drv_led_blink)
    __arm_cp.1_0                             0x0800064c   Number         4  drv_led.o(.text.drv_led_blink)
    [Anonymous Symbol]                       0x08000650   Section        0  drv_led.o(.text.drv_led_set)
    [Anonymous Symbol]                       0x08000670   Section        0  drv_uart.o(.text.drv_putc)
    [Anonymous Symbol]                       0x08000688   Section        0  drv_uart.o(.text.drv_putc_size)
    [Anonymous Symbol]                       0x08000694   Section        0  drv_uart.o(.text.drv_serial_1_rx_handler_init)
    __arm_cp.2_1                             0x080006ac   Number         4  drv_uart.o(.text.drv_serial_1_rx_handler_init)
    [Anonymous Symbol]                       0x080006b0   Section        0  drv_uart.o(.text.drv_serial_rx_clear)
    __arm_cp.3_0                             0x080006d0   Number         4  drv_uart.o(.text.drv_serial_rx_clear)
    [Anonymous Symbol]                       0x080006d4   Section        0  drv_uart.o(.text.drv_uart_config)
    __arm_cp.6_0                             0x08000774   Number         4  drv_uart.o(.text.drv_uart_config)
    [Anonymous Symbol]                       0x08000778   Section        0  at32f403a_407_gpio.o(.text.gpio_bits_reset)
    [Anonymous Symbol]                       0x0800077c   Section        0  at32f403a_407_gpio.o(.text.gpio_bits_write)
    [Anonymous Symbol]                       0x08000788   Section        0  at32f403a_407_gpio.o(.text.gpio_default_para_init)
    __arm_cp.3_0                             0x08000794   Number         4  at32f403a_407_gpio.o(.text.gpio_default_para_init)
    [Anonymous Symbol]                       0x08000798   Section        0  at32f403a_407_gpio.o(.text.gpio_init)
    [Anonymous Symbol]                       0x0800084c   Section        0  at32f403a_407_gpio.o(.text.gpio_pin_remap_config)
    __arm_cp.16_0                            0x08000890   Number         4  at32f403a_407_gpio.o(.text.gpio_pin_remap_config)
    [Anonymous Symbol]                       0x08000894   Section        0  main.o(.text.main)
    __arm_cp.0_1                             0x08000918   Number         4  main.o(.text.main)
    [Anonymous Symbol]                       0x0800091c   Section        0  mb_rtu.o(.text.mb_init)
    __arm_cp.0_2                             0x08000938   Number         4  mb_rtu.o(.text.mb_init)
    [Anonymous Symbol]                       0x0800093c   Section        0  mb_rtu.o(.text.mb_polling)
    __arm_cp.1_0                             0x0800094c   Number         4  mb_rtu.o(.text.mb_polling)
    __arm_cp.1_1                             0x08000950   Number         4  mb_rtu.o(.text.mb_polling)
    [Anonymous Symbol]                       0x08000954   Section        0  at32f403a_407_misc.o(.text.nvic_irq_enable)
    __arm_cp.2_1                             0x080009b8   Number         4  at32f403a_407_misc.o(.text.nvic_irq_enable)
    [Anonymous Symbol]                       0x080009bc   Section        0  at32f403a_407_misc.o(.text.nvic_priority_group_config)
    __arm_cp.4_0                             0x080009d4   Number         4  at32f403a_407_misc.o(.text.nvic_priority_group_config)
    __arm_cp.4_1                             0x080009d8   Number         4  at32f403a_407_misc.o(.text.nvic_priority_group_config)
    [Anonymous Symbol]                       0x080009dc   Section        0  tch_uart.o(.text.serial_device_1_init)
    __arm_cp.0_2                             0x08000a2c   Number         4  tch_uart.o(.text.serial_device_1_init)
    [Anonymous Symbol]                       0x08000a30   Section        0  tch_uart.o(.text.serial_device_init)
    [Anonymous Symbol]                       0x08000a44   Section        0  system_at32f403a_407.o(.text.system_core_clock_update)
    __arm_cp.1_0                             0x08000ac0   Number         4  system_at32f403a_407.o(.text.system_core_clock_update)
    __arm_cp.1_1                             0x08000ac4   Number         4  system_at32f403a_407.o(.text.system_core_clock_update)
    __arm_cp.1_2                             0x08000ac8   Number         4  system_at32f403a_407.o(.text.system_core_clock_update)
    __arm_cp.1_3                             0x08000acc   Number         4  system_at32f403a_407.o(.text.system_core_clock_update)
    __arm_cp.1_4                             0x08000ad0   Number         4  system_at32f403a_407.o(.text.system_core_clock_update)
    system_core_clock_update.sys_ahb_div_table 0x08000ad4   Number         0  system_at32f403a_407.o(.text.system_core_clock_update)
    [Anonymous Symbol]                       0x08000ae4   Section        0  at32f403a_407_misc.o(.text.systick_clock_source_config)
    __arm_cp.7_0                             0x08000af8   Number         4  at32f403a_407_misc.o(.text.systick_clock_source_config)
    [Anonymous Symbol]                       0x08000afc   Section        0  tch_uart.o(.text.tch_get_serial)
    __arm_cp.2_0                             0x08000b10   Number         4  tch_uart.o(.text.tch_get_serial)
    __arm_cp.2_1                             0x08000b14   Number         4  tch_uart.o(.text.tch_get_serial)
    [Anonymous Symbol]                       0x08000b18   Section        0  at32f403a_407_tmr.o(.text.tmr_base_init)
    [Anonymous Symbol]                       0x08000b26   Section        0  at32f403a_407_tmr.o(.text.tmr_cnt_dir_set)
    [Anonymous Symbol]                       0x08000b38   Section        0  at32f403a_407_tmr.o(.text.tmr_counter_enable)
    [Anonymous Symbol]                       0x08000b42   Section        0  at32f403a_407_tmr.o(.text.tmr_flag_clear)
    [Anonymous Symbol]                       0x08000b48   Section        0  at32f403a_407_tmr.o(.text.tmr_interrupt_enable)
    [Anonymous Symbol]                       0x08000b60   Section        0  at32f403a_407_tmr.o(.text.tmr_interrupt_flag_get)
    [Anonymous Symbol]                       0x08000b74   Section        0  at32f403a_407_tmr.o(.text.tmr_period_buffer_enable)
    [Anonymous Symbol]                       0x08000b86   Section        0  at32f403a_407_tmr.o(.text.tmr_primary_mode_select)
    [Anonymous Symbol]                       0x08000b98   Section        0  at32f403a_407_usart.o(.text.usart_data_receive)
    [Anonymous Symbol]                       0x08000b9e   Section        0  at32f403a_407_usart.o(.text.usart_data_transmit)
    [Anonymous Symbol]                       0x08000ba6   Section        0  at32f403a_407_usart.o(.text.usart_enable)
    [Anonymous Symbol]                       0x08000bb8   Section        0  at32f403a_407_usart.o(.text.usart_flag_clear)
    [Anonymous Symbol]                       0x08000bc6   Section        0  at32f403a_407_usart.o(.text.usart_flag_get)
    [Anonymous Symbol]                       0x08000bd0   Section        0  at32f403a_407_usart.o(.text.usart_hardware_flow_control_set)
    [Anonymous Symbol]                       0x08000c10   Section        0  at32f403a_407_usart.o(.text.usart_init)
    __arm_cp.1_0                             0x08000c90   Number         4  at32f403a_407_usart.o(.text.usart_init)
    __arm_cp.1_1                             0x08000c94   Number         4  at32f403a_407_usart.o(.text.usart_init)
    __arm_cp.1_2                             0x08000c98   Number         4  at32f403a_407_usart.o(.text.usart_init)
    [Anonymous Symbol]                       0x08000c9c   Section        0  at32f403a_407_usart.o(.text.usart_interrupt_enable)
    [Anonymous Symbol]                       0x08000cb8   Section        0  at32f403a_407_usart.o(.text.usart_interrupt_flag_get)
    [Anonymous Symbol]                       0x08000d28   Section        0  at32f403a_407_usart.o(.text.usart_parity_selection_config)
    [Anonymous Symbol]                       0x08000d5c   Section        0  at32f403a_407_usart.o(.text.usart_receiver_enable)
    [Anonymous Symbol]                       0x08000d6e   Section        0  at32f403a_407_usart.o(.text.usart_transmitter_enable)
    [Anonymous Symbol]                       0x08000d80   Section        0  drv_uart.o(.text.usart_write_block)
    [Anonymous Symbol]                       0x08000dc4   Section        0  wk_debug.o(.text.wk_debug_config)
    __arm_cp.0_0                             0x08000dcc   Number         4  wk_debug.o(.text.wk_debug_config)
    [Anonymous Symbol]                       0x08000dd0   Section        0  wk_system.o(.text.wk_delay_ms)
    [Anonymous Symbol]                       0x08000dfc   Section        0  wk_system.o(.text.wk_delay_us)
    __arm_cp.0_1                             0x08000e1c   Number         4  wk_system.o(.text.wk_delay_us)
    [Anonymous Symbol]                       0x08000e20   Section        0  wk_gpio.o(.text.wk_gpio_config)
    __arm_cp.0_0                             0x08000e6c   Number         4  wk_gpio.o(.text.wk_gpio_config)
    __arm_cp.0_1                             0x08000e70   Number         4  wk_gpio.o(.text.wk_gpio_config)
    [Anonymous Symbol]                       0x08000e74   Section        0  at32f403a_407_wk_config.o(.text.wk_nvic_config)
    __arm_cp.2_0                             0x08000efc   Number         4  at32f403a_407_wk_config.o(.text.wk_nvic_config)
    __arm_cp.2_1                             0x08000f00   Number         4  at32f403a_407_wk_config.o(.text.wk_nvic_config)
    [Anonymous Symbol]                       0x08000f04   Section        0  at32f403a_407_wk_config.o(.text.wk_periph_clock_config)
    __arm_cp.1_0                             0x08000f38   Number         4  at32f403a_407_wk_config.o(.text.wk_periph_clock_config)
    __arm_cp.1_1                             0x08000f3c   Number         4  at32f403a_407_wk_config.o(.text.wk_periph_clock_config)
    __arm_cp.1_2                             0x08000f40   Number         4  at32f403a_407_wk_config.o(.text.wk_periph_clock_config)
    [Anonymous Symbol]                       0x08000f44   Section        0  at32f403a_407_wk_config.o(.text.wk_system_clock_config)
    __arm_cp.0_0                             0x08000fd0   Number         4  at32f403a_407_wk_config.o(.text.wk_system_clock_config)
    [Anonymous Symbol]                       0x08000fd4   Section        0  wk_system.o(.text.wk_timebase_init)
    __arm_cp.2_0                             0x08001008   Number         4  wk_system.o(.text.wk_timebase_init)
    __arm_cp.2_1                             0x0800100c   Number         4  wk_system.o(.text.wk_timebase_init)
    __arm_cp.2_2                             0x08001010   Number         4  wk_system.o(.text.wk_timebase_init)
    [Anonymous Symbol]                       0x08001014   Section        0  wk_tmr.o(.text.wk_tmr6_init)
    __arm_cp.0_0                             0x08001054   Number         4  wk_tmr.o(.text.wk_tmr6_init)
    [Anonymous Symbol]                       0x08001058   Section        0  wk_usart.o(.text.wk_usart1_init)
    __arm_cp.0_0                             0x080010c4   Number         4  wk_usart.o(.text.wk_usart1_init)
    __arm_cp.0_1                             0x080010c8   Number         4  wk_usart.o(.text.wk_usart1_init)
    __arm_cp.0_2                             0x080010cc   Number         4  wk_usart.o(.text.wk_usart1_init)
    i.__scatterload_copy                     0x080010d0   Section       14  handlers.o(i.__scatterload_copy)
    i.__scatterload_null                     0x080010de   Section        2  handlers.o(i.__scatterload_null)
    i.__scatterload_zeroinit                 0x080010e0   Section       14  handlers.o(i.__scatterload_zeroinit)
    crm_clocks_freq_get.ahb_apb2_div_table   0x080010ee   Data           8  at32f403a_407_crm.o(.rodata.cst8)
    .L.str                                   0x080010f6   Data           7  tch_uart.o(.rodata.str1.1)
    .L.str                                   0x080010f6   Data           7  tch_uart.o(.rodata.str1.1)
    [Anonymous Symbol]                       0x080010f6   Section        0  tch_uart.o(.rodata.str1.1)
    drv_led_blink.blink_counters             0x200000d0   Data           2  drv_led.o(.bss.drv_led_blink.blink_counters)
    [Anonymous Symbol]                       0x200000d0   Section        0  drv_led.o(.bss.drv_led_blink.blink_counters)
    main.led_counter                         0x200000d2   Data           2  main.o(.bss.main.led_counter)
    [Anonymous Symbol]                       0x200000d2   Section        0  main.o(.bss.main.led_counter)
    STACK                                    0x20000348   Section     2048  startup_at32f403a_407.o(STACK)

    Global Symbols

    Symbol Name                              Value     Ov Type        Size  Object(Section)

    BuildAttributes$$THM_ISAv4$E$P$D$K$B$S$7EM$VFPi3$EXTD16$VFPS$VFMA$PE$A:L22UL41UL21$X:L11$S22US41US21$IEEE1$IW$~IW$USESV6$~STKCKD$USESV7$~SHL$OSPACE$EBA8$MICROLIB$REQ8$PRES8$EABIv2 0x00000000   Number         0  anon$$obj.o ABSOLUTE
    __cpp_initialize__aeabi_                  - Undefined Weak Reference
    __cxa_finalize                            - Undefined Weak Reference
    __decompress                              - Undefined Weak Reference
    _clock_init                               - Undefined Weak Reference
    _microlib_exit                            - Undefined Weak Reference
    __Vectors_Size                           0x00000184   Number         0  startup_at32f403a_407.o ABSOLUTE
    __Vectors                                0x08000000   Data           4  startup_at32f403a_407.o(RESET)
    __Vectors_End                            0x08000184   Data           0  startup_at32f403a_407.o(RESET)
    __main                                   0x08000185   Thumb Code     0  entry.o(.ARM.Collect$$$$00000000)
    _main_stk                                0x08000185   Thumb Code     0  entry2.o(.ARM.Collect$$$$00000001)
    _main_scatterload                        0x08000189   Thumb Code     0  entry5.o(.ARM.Collect$$$$00000004)
    __main_after_scatterload                 0x0800018d   Thumb Code     0  entry5.o(.ARM.Collect$$$$00000004)
    _main_clock                              0x0800018d   Thumb Code     0  entry7b.o(.ARM.Collect$$$$00000008)
    _main_cpp_init                           0x0800018d   Thumb Code     0  entry8b.o(.ARM.Collect$$$$0000000A)
    _main_init                               0x0800018d   Thumb Code     0  entry9a.o(.ARM.Collect$$$$0000000B)
    __rt_final_cpp                           0x08000195   Thumb Code     0  entry10a.o(.ARM.Collect$$$$0000000D)
    __rt_final_exit                          0x08000195   Thumb Code     0  entry11a.o(.ARM.Collect$$$$0000000F)
    Reset_Handler                            0x08000199   Thumb Code     8  startup_at32f403a_407.o(.text)
    ACC_IRQHandler                           0x080001b3   Thumb Code     0  startup_at32f403a_407.o(.text)
    ADC1_2_IRQHandler                        0x080001b3   Thumb Code     0  startup_at32f403a_407.o(.text)
    ADC3_IRQHandler                          0x080001b3   Thumb Code     0  startup_at32f403a_407.o(.text)
    CAN1_RX1_IRQHandler                      0x080001b3   Thumb Code     0  startup_at32f403a_407.o(.text)
    CAN1_SE_IRQHandler                       0x080001b3   Thumb Code     0  startup_at32f403a_407.o(.text)
    CAN2_RX0_IRQHandler                      0x080001b3   Thumb Code     0  startup_at32f403a_407.o(.text)
    CAN2_RX1_IRQHandler                      0x080001b3   Thumb Code     0  startup_at32f403a_407.o(.text)
    CAN2_SE_IRQHandler                       0x080001b3   Thumb Code     0  startup_at32f403a_407.o(.text)
    CAN2_TX_IRQHandler                       0x080001b3   Thumb Code     0  startup_at32f403a_407.o(.text)
    CRM_IRQHandler                           0x080001b3   Thumb Code     0  startup_at32f403a_407.o(.text)
    DMA1_Channel1_IRQHandler                 0x080001b3   Thumb Code     0  startup_at32f403a_407.o(.text)
    DMA1_Channel2_IRQHandler                 0x080001b3   Thumb Code     0  startup_at32f403a_407.o(.text)
    DMA1_Channel3_IRQHandler                 0x080001b3   Thumb Code     0  startup_at32f403a_407.o(.text)
    DMA1_Channel4_IRQHandler                 0x080001b3   Thumb Code     0  startup_at32f403a_407.o(.text)
    DMA1_Channel5_IRQHandler                 0x080001b3   Thumb Code     0  startup_at32f403a_407.o(.text)
    DMA1_Channel6_IRQHandler                 0x080001b3   Thumb Code     0  startup_at32f403a_407.o(.text)
    DMA1_Channel7_IRQHandler                 0x080001b3   Thumb Code     0  startup_at32f403a_407.o(.text)
    DMA2_Channel1_IRQHandler                 0x080001b3   Thumb Code     0  startup_at32f403a_407.o(.text)
    DMA2_Channel2_IRQHandler                 0x080001b3   Thumb Code     0  startup_at32f403a_407.o(.text)
    DMA2_Channel3_IRQHandler                 0x080001b3   Thumb Code     0  startup_at32f403a_407.o(.text)
    DMA2_Channel4_5_IRQHandler               0x080001b3   Thumb Code     0  startup_at32f403a_407.o(.text)
    DMA2_Channel6_7_IRQHandler               0x080001b3   Thumb Code     0  startup_at32f403a_407.o(.text)
    EMAC_IRQHandler                          0x080001b3   Thumb Code     0  startup_at32f403a_407.o(.text)
    EMAC_WKUP_IRQHandler                     0x080001b3   Thumb Code     0  startup_at32f403a_407.o(.text)
    EXINT0_IRQHandler                        0x080001b3   Thumb Code     0  startup_at32f403a_407.o(.text)
    EXINT15_10_IRQHandler                    0x080001b3   Thumb Code     0  startup_at32f403a_407.o(.text)
    EXINT1_IRQHandler                        0x080001b3   Thumb Code     0  startup_at32f403a_407.o(.text)
    EXINT2_IRQHandler                        0x080001b3   Thumb Code     0  startup_at32f403a_407.o(.text)
    EXINT3_IRQHandler                        0x080001b3   Thumb Code     0  startup_at32f403a_407.o(.text)
    EXINT4_IRQHandler                        0x080001b3   Thumb Code     0  startup_at32f403a_407.o(.text)
    EXINT9_5_IRQHandler                      0x080001b3   Thumb Code     0  startup_at32f403a_407.o(.text)
    FLASH_IRQHandler                         0x080001b3   Thumb Code     0  startup_at32f403a_407.o(.text)
    I2C1_ERR_IRQHandler                      0x080001b3   Thumb Code     0  startup_at32f403a_407.o(.text)
    I2C1_EVT_IRQHandler                      0x080001b3   Thumb Code     0  startup_at32f403a_407.o(.text)
    I2C2_ERR_IRQHandler                      0x080001b3   Thumb Code     0  startup_at32f403a_407.o(.text)
    I2C2_EVT_IRQHandler                      0x080001b3   Thumb Code     0  startup_at32f403a_407.o(.text)
    I2C3_ERR_IRQHandler                      0x080001b3   Thumb Code     0  startup_at32f403a_407.o(.text)
    I2C3_EVT_IRQHandler                      0x080001b3   Thumb Code     0  startup_at32f403a_407.o(.text)
    PVM_IRQHandler                           0x080001b3   Thumb Code     0  startup_at32f403a_407.o(.text)
    RTCAlarm_IRQHandler                      0x080001b3   Thumb Code     0  startup_at32f403a_407.o(.text)
    RTC_IRQHandler                           0x080001b3   Thumb Code     0  startup_at32f403a_407.o(.text)
    SDIO1_IRQHandler                         0x080001b3   Thumb Code     0  startup_at32f403a_407.o(.text)
    SDIO2_IRQHandler                         0x080001b3   Thumb Code     0  startup_at32f403a_407.o(.text)
    SPI1_IRQHandler                          0x080001b3   Thumb Code     0  startup_at32f403a_407.o(.text)
    SPI2_I2S2EXT_IRQHandler                  0x080001b3   Thumb Code     0  startup_at32f403a_407.o(.text)
    SPI3_I2S3EXT_IRQHandler                  0x080001b3   Thumb Code     0  startup_at32f403a_407.o(.text)
    SPI4_IRQHandler                          0x080001b3   Thumb Code     0  startup_at32f403a_407.o(.text)
    TAMPER_IRQHandler                        0x080001b3   Thumb Code     0  startup_at32f403a_407.o(.text)
    TMR1_BRK_TMR9_IRQHandler                 0x080001b3   Thumb Code     0  startup_at32f403a_407.o(.text)
    TMR1_CH_IRQHandler                       0x080001b3   Thumb Code     0  startup_at32f403a_407.o(.text)
    TMR1_OVF_TMR10_IRQHandler                0x080001b3   Thumb Code     0  startup_at32f403a_407.o(.text)
    TMR1_TRG_HALL_TMR11_IRQHandler           0x080001b3   Thumb Code     0  startup_at32f403a_407.o(.text)
    TMR2_GLOBAL_IRQHandler                   0x080001b3   Thumb Code     0  startup_at32f403a_407.o(.text)
    TMR3_GLOBAL_IRQHandler                   0x080001b3   Thumb Code     0  startup_at32f403a_407.o(.text)
    TMR4_GLOBAL_IRQHandler                   0x080001b3   Thumb Code     0  startup_at32f403a_407.o(.text)
    TMR5_GLOBAL_IRQHandler                   0x080001b3   Thumb Code     0  startup_at32f403a_407.o(.text)
    TMR7_GLOBAL_IRQHandler                   0x080001b3   Thumb Code     0  startup_at32f403a_407.o(.text)
    TMR8_BRK_TMR12_IRQHandler                0x080001b3   Thumb Code     0  startup_at32f403a_407.o(.text)
    TMR8_CH_IRQHandler                       0x080001b3   Thumb Code     0  startup_at32f403a_407.o(.text)
    TMR8_OVF_TMR13_IRQHandler                0x080001b3   Thumb Code     0  startup_at32f403a_407.o(.text)
    TMR8_TRG_HALL_TMR14_IRQHandler           0x080001b3   Thumb Code     0  startup_at32f403a_407.o(.text)
    UART4_IRQHandler                         0x080001b3   Thumb Code     0  startup_at32f403a_407.o(.text)
    UART5_IRQHandler                         0x080001b3   Thumb Code     0  startup_at32f403a_407.o(.text)
    UART7_IRQHandler                         0x080001b3   Thumb Code     0  startup_at32f403a_407.o(.text)
    UART8_IRQHandler                         0x080001b3   Thumb Code     0  startup_at32f403a_407.o(.text)
    USART2_IRQHandler                        0x080001b3   Thumb Code     0  startup_at32f403a_407.o(.text)
    USART3_IRQHandler                        0x080001b3   Thumb Code     0  startup_at32f403a_407.o(.text)
    USART6_IRQHandler                        0x080001b3   Thumb Code     0  startup_at32f403a_407.o(.text)
    USBFSWakeUp_IRQHandler                   0x080001b3   Thumb Code     0  startup_at32f403a_407.o(.text)
    USBFS_H_CAN1_TX_IRQHandler               0x080001b3   Thumb Code     0  startup_at32f403a_407.o(.text)
    USBFS_L_CAN1_RX0_IRQHandler              0x080001b3   Thumb Code     0  startup_at32f403a_407.o(.text)
    USBFS_MAPH_IRQHandler                    0x080001b3   Thumb Code     0  startup_at32f403a_407.o(.text)
    USBFS_MAPL_IRQHandler                    0x080001b3   Thumb Code     0  startup_at32f403a_407.o(.text)
    WWDT_IRQHandler                          0x080001b3   Thumb Code     0  startup_at32f403a_407.o(.text)
    XMC_IRQHandler                           0x080001b3   Thumb Code     0  startup_at32f403a_407.o(.text)
    strcmp                                   0x080001bd   Thumb Code    28  strcmp.o(.text)
    __scatterload                            0x080001d9   Thumb Code    28  init.o(.text)
    __scatterload_rt2                        0x080001d9   Thumb Code     0  init.o(.text)
    BusFault_Handler                         0x080001fd   Thumb Code     2  at32f403a_407_int.o(.text.BusFault_Handler)
    DebugMon_Handler                         0x080001ff   Thumb Code     2  at32f403a_407_int.o(.text.DebugMon_Handler)
    HardFault_Handler                        0x08000201   Thumb Code     2  at32f403a_407_int.o(.text.HardFault_Handler)
    MemManage_Handler                        0x08000203   Thumb Code     2  at32f403a_407_int.o(.text.MemManage_Handler)
    NMI_Handler                              0x08000205   Thumb Code     2  at32f403a_407_int.o(.text.NMI_Handler)
    PendSV_Handler                           0x0800022b   Thumb Code     2  at32f403a_407_int.o(.text.PendSV_Handler)
    SVC_Handler                              0x0800022d   Thumb Code     2  at32f403a_407_int.o(.text.SVC_Handler)
    SysTick_Handler                          0x0800022f   Thumb Code     2  at32f403a_407_int.o(.text.SysTick_Handler)
    SystemInit                               0x08000231   Thumb Code    88  system_at32f403a_407.o(.text.SystemInit)
    TMR6_GLOBAL_IRQHandler                   0x08000281   Thumb Code    64  drv_uart.o(.text.TMR6_GLOBAL_IRQHandler)
    USART1_IRQHandler                        0x080002bd   Thumb Code    76  drv_uart.o(.text.USART1_IRQHandler)
    UsageFault_Handler                       0x08000305   Thumb Code     2  at32f403a_407_int.o(.text.UsageFault_Handler)
    crm_ahb_div_set                          0x08000309   Thumb Code    24  at32f403a_407_crm.o(.text.crm_ahb_div_set)
    crm_apb1_div_set                         0x0800031d   Thumb Code    24  at32f403a_407_crm.o(.text.crm_apb1_div_set)
    crm_apb2_div_set                         0x08000331   Thumb Code    24  at32f403a_407_crm.o(.text.crm_apb2_div_set)
    crm_auto_step_mode_enable                0x08000345   Thumb Code    24  at32f403a_407_crm.o(.text.crm_auto_step_mode_enable)
    crm_clock_source_enable                  0x0800035d   Thumb Code    96  at32f403a_407_crm.o(.text.crm_clock_source_enable)
    crm_clocks_freq_get                      0x080003b9   Thumb Code   232  at32f403a_407_crm.o(.text.crm_clocks_freq_get)
    crm_flag_get                             0x080004a1   Thumb Code    28  at32f403a_407_crm.o(.text.crm_flag_get)
    crm_hext_stable_wait                     0x080004b9   Thumb Code    32  at32f403a_407_crm.o(.text.crm_hext_stable_wait)
    crm_periph_clock_enable                  0x080004d5   Thumb Code    32  at32f403a_407_crm.o(.text.crm_periph_clock_enable)
    crm_pll_config                           0x080004f1   Thumb Code    92  at32f403a_407_crm.o(.text.crm_pll_config)
    crm_reset                                0x08000549   Thumb Code    64  at32f403a_407_crm.o(.text.crm_reset)
    crm_sysclk_switch                        0x08000589   Thumb Code    56  at32f403a_407_crm.o(.text.crm_sysclk_switch)
    crm_sysclk_switch_status_get             0x080005bd   Thumb Code    16  at32f403a_407_crm.o(.text.crm_sysclk_switch_status_get)
    drv_get_serial_fifo_1                    0x080005cd   Thumb Code     8  drv_uart.o(.text.drv_get_serial_fifo_1)
    drv_getc                                 0x080005d1   Thumb Code    76  drv_uart.o(.text.drv_getc)
    drv_led_blink                            0x0800061d   Thumb Code    52  drv_led.o(.text.drv_led_blink)
    drv_led_set                              0x08000651   Thumb Code    36  drv_led.o(.text.drv_led_set)
    drv_putc                                 0x08000671   Thumb Code    24  drv_uart.o(.text.drv_putc)
    drv_putc_size                            0x08000689   Thumb Code    12  drv_uart.o(.text.drv_putc_size)
    drv_serial_1_rx_handler_init             0x08000695   Thumb Code    32  drv_uart.o(.text.drv_serial_1_rx_handler_init)
    drv_serial_rx_clear                      0x080006b1   Thumb Code    36  drv_uart.o(.text.drv_serial_rx_clear)
    drv_uart_config                          0x080006d5   Thumb Code   164  drv_uart.o(.text.drv_uart_config)
    gpio_bits_reset                          0x08000779   Thumb Code     4  at32f403a_407_gpio.o(.text.gpio_bits_reset)
    gpio_bits_write                          0x0800077d   Thumb Code    12  at32f403a_407_gpio.o(.text.gpio_bits_write)
    gpio_default_para_init                   0x08000789   Thumb Code    16  at32f403a_407_gpio.o(.text.gpio_default_para_init)
    gpio_init                                0x08000799   Thumb Code   178  at32f403a_407_gpio.o(.text.gpio_init)
    gpio_pin_remap_config                    0x0800084d   Thumb Code    72  at32f403a_407_gpio.o(.text.gpio_pin_remap_config)
    main                                     0x08000895   Thumb Code   136  main.o(.text.main)
    mb_init                                  0x0800091d   Thumb Code    40  mb_rtu.o(.text.mb_init)
    mb_polling                               0x0800093d   Thumb Code    24  mb_rtu.o(.text.mb_polling)
    nvic_irq_enable                          0x08000955   Thumb Code   108  at32f403a_407_misc.o(.text.nvic_irq_enable)
    nvic_priority_group_config               0x080009bd   Thumb Code    32  at32f403a_407_misc.o(.text.nvic_priority_group_config)
    serial_device_1_init                     0x080009dd   Thumb Code    92  tch_uart.o(.text.serial_device_1_init)
    serial_device_init                       0x08000a31   Thumb Code    24  tch_uart.o(.text.serial_device_init)
    system_core_clock_update                 0x08000a45   Thumb Code   160  system_at32f403a_407.o(.text.system_core_clock_update)
    systick_clock_source_config              0x08000ae5   Thumb Code    24  at32f403a_407_misc.o(.text.systick_clock_source_config)
    tch_get_serial                           0x08000afd   Thumb Code    28  tch_uart.o(.text.tch_get_serial)
    tmr_base_init                            0x08000b19   Thumb Code    14  at32f403a_407_tmr.o(.text.tmr_base_init)
    tmr_cnt_dir_set                          0x08000b27   Thumb Code    18  at32f403a_407_tmr.o(.text.tmr_cnt_dir_set)
    tmr_counter_enable                       0x08000b39   Thumb Code    10  at32f403a_407_tmr.o(.text.tmr_counter_enable)
    tmr_flag_clear                           0x08000b43   Thumb Code     6  at32f403a_407_tmr.o(.text.tmr_flag_clear)
    tmr_interrupt_enable                     0x08000b49   Thumb Code    24  at32f403a_407_tmr.o(.text.tmr_interrupt_enable)
    tmr_interrupt_flag_get                   0x08000b61   Thumb Code    20  at32f403a_407_tmr.o(.text.tmr_interrupt_flag_get)
    tmr_period_buffer_enable                 0x08000b75   Thumb Code    18  at32f403a_407_tmr.o(.text.tmr_period_buffer_enable)
    tmr_primary_mode_select                  0x08000b87   Thumb Code    18  at32f403a_407_tmr.o(.text.tmr_primary_mode_select)
    usart_data_receive                       0x08000b99   Thumb Code     6  at32f403a_407_usart.o(.text.usart_data_receive)
    usart_data_transmit                      0x08000b9f   Thumb Code     8  at32f403a_407_usart.o(.text.usart_data_transmit)
    usart_enable                             0x08000ba7   Thumb Code    18  at32f403a_407_usart.o(.text.usart_enable)
    usart_flag_clear                         0x08000bb9   Thumb Code    14  at32f403a_407_usart.o(.text.usart_flag_clear)
    usart_flag_get                           0x08000bc7   Thumb Code    10  at32f403a_407_usart.o(.text.usart_flag_get)
    usart_hardware_flow_control_set          0x08000bd1   Thumb Code    64  at32f403a_407_usart.o(.text.usart_hardware_flow_control_set)
    usart_init                               0x08000c11   Thumb Code   140  at32f403a_407_usart.o(.text.usart_init)
    usart_interrupt_enable                   0x08000c9d   Thumb Code    26  at32f403a_407_usart.o(.text.usart_interrupt_enable)
    usart_interrupt_flag_get                 0x08000cb9   Thumb Code   112  at32f403a_407_usart.o(.text.usart_interrupt_flag_get)
    usart_parity_selection_config            0x08000d29   Thumb Code    52  at32f403a_407_usart.o(.text.usart_parity_selection_config)
    usart_receiver_enable                    0x08000d5d   Thumb Code    18  at32f403a_407_usart.o(.text.usart_receiver_enable)
    usart_transmitter_enable                 0x08000d6f   Thumb Code    18  at32f403a_407_usart.o(.text.usart_transmitter_enable)
    usart_write_block                        0x08000d81   Thumb Code    68  drv_uart.o(.text.usart_write_block)
    wk_debug_config                          0x08000dc5   Thumb Code    12  wk_debug.o(.text.wk_debug_config)
    wk_delay_ms                              0x08000dd1   Thumb Code    42  wk_system.o(.text.wk_delay_ms)
    wk_delay_us                              0x08000dfd   Thumb Code    40  wk_system.o(.text.wk_delay_us)
    wk_gpio_config                           0x08000e21   Thumb Code    84  wk_gpio.o(.text.wk_gpio_config)
    wk_nvic_config                           0x08000e75   Thumb Code   144  at32f403a_407_wk_config.o(.text.wk_nvic_config)
    wk_periph_clock_config                   0x08000f05   Thumb Code    64  at32f403a_407_wk_config.o(.text.wk_periph_clock_config)
    wk_system_clock_config                   0x08000f45   Thumb Code   144  at32f403a_407_wk_config.o(.text.wk_system_clock_config)
    wk_timebase_init                         0x08000fd5   Thumb Code    64  wk_system.o(.text.wk_timebase_init)
    wk_tmr6_init                             0x08001015   Thumb Code    68  wk_tmr.o(.text.wk_tmr6_init)
    wk_usart1_init                           0x08001059   Thumb Code   120  wk_usart.o(.text.wk_usart1_init)
    __scatterload_copy                       0x080010d1   Thumb Code    14  handlers.o(i.__scatterload_copy)
    __scatterload_null                       0x080010df   Thumb Code     2  handlers.o(i.__scatterload_null)
    __scatterload_zeroinit                   0x080010e1   Thumb Code    14  handlers.o(i.__scatterload_zeroinit)
    Region$$Table$$Base                      0x08001100   Number         0  anon$$obj.o(Region$$Table)
    Region$$Table$$Limit                     0x08001120   Number         0  anon$$obj.o(Region$$Table)
    mb_rtu_handler                           0x20000000   Data           8  mb_rtu.o(.data.mb_rtu_handler)
    mb_rtu_slave_handler                     0x20000008   Data         130  mb_rtu.o(.data.mb_rtu_slave_handler)
    serial_device_1                          0x2000008c   Data          44  tch_uart.o(.data.serial_device_1)
    system_core_clock                        0x200000b8   Data           4  system_at32f403a_407.o(.data.system_core_clock)
    uart_ops_1                               0x200000bc   Data          16  tch_uart.o(.data.uart_ops_1)
    px_serialDevice1                         0x200000d4   Data           4  mb_rtu.o(.bss.px_serialDevice1)
    serial_1_rx_handler                      0x200000d8   Data          16  drv_uart.o(.bss.serial_1_rx_handler)
    ticks_count_us                           0x200000e8   Data           4  wk_system.o(.bss.ticks_count_us)
    uc_mb_buffer                             0x200000ec   Data         300  mb_rtu.o(.bss.uc_mb_buffer)
    usart_1_rx_fifo_buffer                   0x20000218   Data         300  drv_uart.o(.bss.usart_1_rx_fifo_buffer)
    __initial_sp                             0x20000b48   Data           0  startup_at32f403a_407.o(STACK)



==============================================================================

Memory Map of the image

  Image Entry point : 0x08000185

  Load Region LR_IROM1 (Base: 0x08000000, Size: 0x000011f0, Max: 0x00100000, ABSOLUTE)

    Execution Region ER_IROM1 (Exec base: 0x08000000, Load base: 0x08000000, Size: 0x00001120, Max: 0x00100000, ABSOLUTE)

    Exec Addr    Load Addr    Size         Type   Attr      Idx    E Section Name        Object

    0x08000000   0x08000000   0x00000184   Data   RO         1334    RESET               startup_at32f403a_407.o
    0x08000184   0x08000184   0x00000000   Code   RO         1437  * .ARM.Collect$$$$00000000  mc_w.l(entry.o)
    0x08000184   0x08000184   0x00000004   Code   RO         1444    .ARM.Collect$$$$00000001  mc_w.l(entry2.o)
    0x08000188   0x08000188   0x00000004   Code   RO         1447    .ARM.Collect$$$$00000004  mc_w.l(entry5.o)
    0x0800018c   0x0800018c   0x00000000   Code   RO         1449    .ARM.Collect$$$$00000008  mc_w.l(entry7b.o)
    0x0800018c   0x0800018c   0x00000000   Code   RO         1451    .ARM.Collect$$$$0000000A  mc_w.l(entry8b.o)
    0x0800018c   0x0800018c   0x00000008   Code   RO         1452    .ARM.Collect$$$$0000000B  mc_w.l(entry9a.o)
    0x08000194   0x08000194   0x00000000   Code   RO         1454    .ARM.Collect$$$$0000000D  mc_w.l(entry10a.o)
    0x08000194   0x08000194   0x00000000   Code   RO         1456    .ARM.Collect$$$$0000000F  mc_w.l(entry11a.o)
    0x08000194   0x08000194   0x00000004   Code   RO         1445    .ARM.Collect$$$$00002712  mc_w.l(entry2.o)
    0x08000198   0x08000198   0x00000024   Code   RO         1335    .text               startup_at32f403a_407.o
    0x080001bc   0x080001bc   0x0000001c   Code   RO         1442    .text               mc_w.l(strcmp.o)
    0x080001d8   0x080001d8   0x00000024   Code   RO         1458    .text               mc_w.l(init.o)
    0x080001fc   0x080001fc   0x00000002   Code   RO           37    .text.BusFault_Handler  at32f403a_407_int.o
    0x080001fe   0x080001fe   0x00000002   Code   RO           43    .text.DebugMon_Handler  at32f403a_407_int.o
    0x08000200   0x08000200   0x00000002   Code   RO           33    .text.HardFault_Handler  at32f403a_407_int.o
    0x08000202   0x08000202   0x00000002   Code   RO           35    .text.MemManage_Handler  at32f403a_407_int.o
    0x08000204   0x08000204   0x00000002   Code   RO           31    .text.NMI_Handler   at32f403a_407_int.o
    0x08000206   0x08000206   0x00000024   Code   RO           20    .text.NVIC_EncodePriority  at32f403a_407_wk_config.o
    0x0800022a   0x0800022a   0x00000002   Code   RO           45    .text.PendSV_Handler  at32f403a_407_int.o
    0x0800022c   0x0800022c   0x00000002   Code   RO           41    .text.SVC_Handler   at32f403a_407_int.o
    0x0800022e   0x0800022e   0x00000002   Code   RO           47    .text.SysTick_Handler  at32f403a_407_int.o
    0x08000230   0x08000230   0x00000050   Code   RO         1342    .text.SystemInit    system_at32f403a_407.o
    0x08000280   0x08000280   0x0000003c   Code   RO         1358    .text.TMR6_GLOBAL_IRQHandler  drv_uart.o
    0x080002bc   0x080002bc   0x00000048   Code   RO         1356    .text.USART1_IRQHandler  drv_uart.o
    0x08000304   0x08000304   0x00000002   Code   RO           39    .text.UsageFault_Handler  at32f403a_407_int.o
    0x08000306   0x08000306   0x00000002   PAD
    0x08000308   0x08000308   0x00000014   Code   RO          165    .text.crm_ahb_div_set  at32f403a_407_crm.o
    0x0800031c   0x0800031c   0x00000014   Code   RO          167    .text.crm_apb1_div_set  at32f403a_407_crm.o
    0x08000330   0x08000330   0x00000014   Code   RO          169    .text.crm_apb2_div_set  at32f403a_407_crm.o
    0x08000344   0x08000344   0x00000018   Code   RO          191    .text.crm_auto_step_mode_enable  at32f403a_407_crm.o
    0x0800035c   0x0800035c   0x0000005c   Code   RO          157    .text.crm_clock_source_enable  at32f403a_407_crm.o
    0x080003b8   0x080003b8   0x000000e8   Code   RO          185    .text.crm_clocks_freq_get  at32f403a_407_crm.o
    0x080004a0   0x080004a0   0x00000018   Code   RO          141    .text.crm_flag_get  at32f403a_407_crm.o
    0x080004b8   0x080004b8   0x0000001c   Code   RO          145    .text.crm_hext_stable_wait  at32f403a_407_crm.o
    0x080004d4   0x080004d4   0x0000001c   Code   RO          151    .text.crm_periph_clock_enable  at32f403a_407_crm.o
    0x080004f0   0x080004f0   0x00000058   Code   RO          179    .text.crm_pll_config  at32f403a_407_crm.o
    0x08000548   0x08000548   0x00000040   Code   RO          135    .text.crm_reset     at32f403a_407_crm.o
    0x08000588   0x08000588   0x00000034   Code   RO          181    .text.crm_sysclk_switch  at32f403a_407_crm.o
    0x080005bc   0x080005bc   0x00000010   Code   RO          183    .text.crm_sysclk_switch_status_get  at32f403a_407_crm.o
    0x080005cc   0x080005cc   0x00000004   Code   RO         1364    .text.drv_get_serial_fifo_1  drv_uart.o
    0x080005d0   0x080005d0   0x0000004c   Code   RO         1374    .text.drv_getc      drv_uart.o
    0x0800061c   0x0800061c   0x00000034   Code   RO         1391    .text.drv_led_blink  drv_led.o
    0x08000650   0x08000650   0x00000020   Code   RO         1389    .text.drv_led_set   drv_led.o
    0x08000670   0x08000670   0x00000018   Code   RO         1370    .text.drv_putc      drv_uart.o
    0x08000688   0x08000688   0x0000000c   Code   RO         1372    .text.drv_putc_size  drv_uart.o
    0x08000694   0x08000694   0x0000001c   Code   RO         1360    .text.drv_serial_1_rx_handler_init  drv_uart.o
    0x080006b0   0x080006b0   0x00000024   Code   RO         1362    .text.drv_serial_rx_clear  drv_uart.o
    0x080006d4   0x080006d4   0x000000a4   Code   RO         1368    .text.drv_uart_config  drv_uart.o
    0x08000778   0x08000778   0x00000004   Code   RO          387    .text.gpio_bits_reset  at32f403a_407_gpio.o
    0x0800077c   0x0800077c   0x0000000c   Code   RO          389    .text.gpio_bits_write  at32f403a_407_gpio.o
    0x08000788   0x08000788   0x00000010   Code   RO          375    .text.gpio_default_para_init  at32f403a_407_gpio.o
    0x08000798   0x08000798   0x000000b2   Code   RO          373    .text.gpio_init     at32f403a_407_gpio.o
    0x0800084a   0x0800084a   0x00000002   PAD
    0x0800084c   0x0800084c   0x00000048   Code   RO          401    .text.gpio_pin_remap_config  at32f403a_407_gpio.o
    0x08000894   0x08000894   0x00000088   Code   RO            2    .text.main          main.o
    0x0800091c   0x0800091c   0x00000020   Code   RO         1421    .text.mb_init       mb_rtu.o
    0x0800093c   0x0800093c   0x00000018   Code   RO         1423    .text.mb_polling    mb_rtu.o
    0x08000954   0x08000954   0x00000068   Code   RO          969    .text.nvic_irq_enable  at32f403a_407_misc.o
    0x080009bc   0x080009bc   0x00000020   Code   RO          973    .text.nvic_priority_group_config  at32f403a_407_misc.o
    0x080009dc   0x080009dc   0x00000054   Code   RO         1403    .text.serial_device_1_init  tch_uart.o
    0x08000a30   0x08000a30   0x00000014   Code   RO         1405    .text.serial_device_init  tch_uart.o
    0x08000a44   0x08000a44   0x000000a0   Code   RO         1344    .text.system_core_clock_update  system_at32f403a_407.o
    0x08000ae4   0x08000ae4   0x00000018   Code   RO          979    .text.systick_clock_source_config  at32f403a_407_misc.o
    0x08000afc   0x08000afc   0x0000001c   Code   RO         1407    .text.tch_get_serial  tch_uart.o
    0x08000b18   0x08000b18   0x0000000e   Code   RO          227    .text.tmr_base_init  at32f403a_407_tmr.o
    0x08000b26   0x08000b26   0x00000012   Code   RO          231    .text.tmr_cnt_dir_set  at32f403a_407_tmr.o
    0x08000b38   0x08000b38   0x0000000a   Code   RO          219    .text.tmr_counter_enable  at32f403a_407_tmr.o
    0x08000b42   0x08000b42   0x00000006   Code   RO          305    .text.tmr_flag_clear  at32f403a_407_tmr.o
    0x08000b48   0x08000b48   0x00000018   Code   RO          299    .text.tmr_interrupt_enable  at32f403a_407_tmr.o
    0x08000b60   0x08000b60   0x00000014   Code   RO          301    .text.tmr_interrupt_flag_get  at32f403a_407_tmr.o
    0x08000b74   0x08000b74   0x00000012   Code   RO          255    .text.tmr_period_buffer_enable  at32f403a_407_tmr.o
    0x08000b86   0x08000b86   0x00000012   Code   RO          283    .text.tmr_primary_mode_select  at32f403a_407_tmr.o
    0x08000b98   0x08000b98   0x00000006   Code   RO          519    .text.usart_data_receive  at32f403a_407_usart.o
    0x08000b9e   0x08000b9e   0x00000008   Code   RO          517    .text.usart_data_transmit  at32f403a_407_usart.o
    0x08000ba6   0x08000ba6   0x00000012   Code   RO          491    .text.usart_enable  at32f403a_407_usart.o
    0x08000bb8   0x08000bb8   0x0000000e   Code   RO          543    .text.usart_flag_clear  at32f403a_407_usart.o
    0x08000bc6   0x08000bc6   0x0000000a   Code   RO          539    .text.usart_flag_get  at32f403a_407_usart.o
    0x08000bd0   0x08000bd0   0x00000040   Code   RO          537    .text.usart_hardware_flow_control_set  at32f403a_407_usart.o
    0x08000c10   0x08000c10   0x0000008c   Code   RO          487    .text.usart_init    at32f403a_407_usart.o
    0x08000c9c   0x08000c9c   0x0000001a   Code   RO          501    .text.usart_interrupt_enable  at32f403a_407_usart.o
    0x08000cb6   0x08000cb6   0x00000002   PAD
    0x08000cb8   0x08000cb8   0x00000070   Code   RO          541    .text.usart_interrupt_flag_get  at32f403a_407_usart.o
    0x08000d28   0x08000d28   0x00000034   Code   RO          489    .text.usart_parity_selection_config  at32f403a_407_usart.o
    0x08000d5c   0x08000d5c   0x00000012   Code   RO          495    .text.usart_receiver_enable  at32f403a_407_usart.o
    0x08000d6e   0x08000d6e   0x00000012   Code   RO          493    .text.usart_transmitter_enable  at32f403a_407_usart.o
    0x08000d80   0x08000d80   0x00000044   Code   RO         1366    .text.usart_write_block  drv_uart.o
    0x08000dc4   0x08000dc4   0x0000000c   Code   RO           73    .text.wk_debug_config  wk_debug.o
    0x08000dd0   0x08000dd0   0x0000002a   Code   RO           59    .text.wk_delay_ms   wk_system.o
    0x08000dfa   0x08000dfa   0x00000002   PAD
    0x08000dfc   0x08000dfc   0x00000024   Code   RO           57    .text.wk_delay_us   wk_system.o
    0x08000e20   0x08000e20   0x00000054   Code   RO           92    .text.wk_gpio_config  wk_gpio.o
    0x08000e74   0x08000e74   0x00000090   Code   RO           18    .text.wk_nvic_config  at32f403a_407_wk_config.o
    0x08000f04   0x08000f04   0x00000040   Code   RO           16    .text.wk_periph_clock_config  at32f403a_407_wk_config.o
    0x08000f44   0x08000f44   0x00000090   Code   RO           14    .text.wk_system_clock_config  at32f403a_407_wk_config.o
    0x08000fd4   0x08000fd4   0x00000040   Code   RO           61    .text.wk_timebase_init  wk_system.o
    0x08001014   0x08001014   0x00000044   Code   RO          126    .text.wk_tmr6_init  wk_tmr.o
    0x08001058   0x08001058   0x00000078   Code   RO           82    .text.wk_usart1_init  wk_usart.o
    0x080010d0   0x080010d0   0x0000000e   Code   RO         1462    i.__scatterload_copy  mc_w.l(handlers.o)
    0x080010de   0x080010de   0x00000002   Code   RO         1463    i.__scatterload_null  mc_w.l(handlers.o)
    0x080010e0   0x080010e0   0x0000000e   Code   RO         1464    i.__scatterload_zeroinit  mc_w.l(handlers.o)
    0x080010ee   0x080010ee   0x00000008   Data   RO          207    .rodata.cst8        at32f403a_407_crm.o
    0x080010f6   0x080010f6   0x00000007   Data   RO         1411    .rodata.str1.1      tch_uart.o
    0x080010fd   0x080010fd   0x00000003   PAD
    0x08001100   0x08001100   0x00000020   Data   RO         1461    Region$$Table       anon$$obj.o


    Execution Region RW_IRAM1 (Exec base: 0x20000000, Load base: 0x08001120, Size: 0x00000b48, Max: 0x00018000, ABSOLUTE)

    Exec Addr    Load Addr    Size         Type   Attr      Idx    E Section Name        Object

    0x20000000   0x08001120   0x00000008   Data   RW         1427    .data.mb_rtu_handler  mb_rtu.o
    0x20000008   0x08001128   0x00000082   Data   RW         1428    .data.mb_rtu_slave_handler  mb_rtu.o
    0x2000008a   0x080011aa   0x00000002   PAD
    0x2000008c   0x080011ac   0x0000002c   Data   RW         1410    .data.serial_device_1  tch_uart.o
    0x200000b8   0x080011d8   0x00000004   Data   RW         1346    .data.system_core_clock  system_at32f403a_407.o
    0x200000bc   0x080011dc   0x00000010   Data   RW         1409    .data.uart_ops_1    tch_uart.o
    0x200000cc   0x080011ec   0x00000004   PAD
    0x200000d0        -       0x00000002   Zero   RW         1393    .bss.drv_led_blink.blink_counters  drv_led.o
    0x200000d2        -       0x00000002   Zero   RW            4    .bss.main.led_counter  main.o
    0x200000d4        -       0x00000004   Zero   RW         1425    .bss.px_serialDevice1  mb_rtu.o
    0x200000d8        -       0x00000010   Zero   RW         1378    .bss.serial_1_rx_handler  drv_uart.o
    0x200000e8        -       0x00000004   Zero   RW           63    .bss.ticks_count_us  wk_system.o
    0x200000ec        -       0x0000012c   Zero   RW         1426    .bss.uc_mb_buffer   mb_rtu.o
    0x20000218        -       0x0000012c   Zero   RW         1379    .bss.usart_1_rx_fifo_buffer  drv_uart.o
    0x20000344   0x080011ec   0x00000004   PAD
    0x20000348        -       0x00000800   Zero   RW         1332    STACK               startup_at32f403a_407.o


==============================================================================

Image component sizes


      Code (inc. data)   RO Data    RW Data    ZI Data      Debug   Object Name

       708         66          8          0          0      21743   at32f403a_407_crm.o
       282          8          0          0          0      14988   at32f403a_407_gpio.o
        18          0          0          0          0       1040   at32f403a_407_int.o
       160         16          0          0          0       6906   at32f403a_407_misc.o
       128          0          0          0          0      25402   at32f403a_407_tmr.o
       486         24          0          0          0      10728   at32f403a_407_usart.o
       388         24          0          0          0       9632   at32f403a_407_wk_config.o
        84          4          0          0          2       5100   drv_led.o
       544         32          0          0        316      17565   drv_uart.o
       136         12          0          0          2       9706   main.o
        56         12          0        138        304       9816   mb_rtu.o
        36          8        388          0       2048        856   startup_at32f403a_407.o
       240         40          0          4          0       8266   system_at32f403a_407.o
       132         12          7         60          0       9794   tch_uart.o
        12          4          0          0          0        629   wk_debug.o
        84          8          0          0          0       5180   wk_gpio.o
       142         16          0          0          4       1807   wk_system.o
        68          4          0          0          0       5557   wk_tmr.o
       120         12          0          0          0       7378   wk_usart.o

    ----------------------------------------------------------------------
      3832        302        438        204       2684     172093   Object Totals
         0          0         32          0          0          0   (incl. Generated)
         8          0          3          2          8          0   (incl. Padding)

    ----------------------------------------------------------------------

      Code (inc. data)   RO Data    RW Data    ZI Data      Debug   Library Member Name

         0          0          0          0          0          0   entry.o
         0          0          0          0          0          0   entry10a.o
         0          0          0          0          0          0   entry11a.o
         8          4          0          0          0          0   entry2.o
         4          0          0          0          0          0   entry5.o
         0          0          0          0          0          0   entry7b.o
         0          0          0          0          0          0   entry8b.o
         8          4          0          0          0          0   entry9a.o
        30          0          0          0          0          0   handlers.o
        36          8          0          0          0         68   init.o
        28          0          0          0          0         76   strcmp.o

    ----------------------------------------------------------------------
       114         16          0          0          0        144   Library Totals
         0          0          0          0          0          0   (incl. Padding)

    ----------------------------------------------------------------------

      Code (inc. data)   RO Data    RW Data    ZI Data      Debug   Library Name

       114         16          0          0          0        144   mc_w.l

    ----------------------------------------------------------------------
       114         16          0          0          0        144   Library Totals

    ----------------------------------------------------------------------

==============================================================================


      Code (inc. data)   RO Data    RW Data    ZI Data      Debug   

      3946        318        438        204       2684     172169   Grand Totals
      3946        318        438        204       2684     172169   ELF Image Totals
      3946        318        438        204          0          0   ROM Totals

==============================================================================

    Total RO  Size (Code + RO Data)                 4384 (   4.28kB)
    Total RW  Size (RW Data + ZI Data)              2888 (   2.82kB)
    Total ROM Size (Code + RO Data + RW Data)       4588 (   4.48kB)

==============================================================================

